Archive member included to satisfy reference by file (symbol)

c:/tools/gcc-arm-none-eabi-10.3-2021.07/bin/../lib/gcc/arm-none-eabi/10.3.1/thumb/v7-m/nofp\libgcc.a(_arm_muldf3.o)
                              CMakeFiles/ultrasonic.elf.dir/ultrasonic/ultrasonic.c.obj (__aeabi_dmul)
c:/tools/gcc-arm-none-eabi-10.3-2021.07/bin/../lib/gcc/arm-none-eabi/10.3.1/thumb/v7-m/nofp\libgcc.a(_arm_addsubdf3.o)
                              CMakeFiles/ultrasonic.elf.dir/ultrasonic/ultrasonic.c.obj (__aeabi_ui2d)
c:/tools/gcc-arm-none-eabi-10.3-2021.07/bin/../lib/gcc/arm-none-eabi/10.3.1/thumb/v7-m/nofp\libgcc.a(_arm_muldivdf3.o)
                              CMakeFiles/ultrasonic.elf.dir/ultrasonic/ultrasonic.c.obj (__aeabi_ddiv)
c:/tools/gcc-arm-none-eabi-10.3-2021.07/bin/../lib/gcc/arm-none-eabi/10.3.1/thumb/v7-m/nofp\libgcc.a(_arm_cmpdf2.o)
                              CMakeFiles/ultrasonic.elf.dir/ultrasonic/ultrasonic.c.obj (__aeabi_dcmplt)
c:/tools/gcc-arm-none-eabi-10.3-2021.07/bin/../lib/gcc/arm-none-eabi/10.3.1/thumb/v7-m/nofp\libgcc.a(_arm_fixdfsi.o)
                              CMakeFiles/ultrasonic.elf.dir/Core/Src/main.c.obj (__aeabi_d2iz)
c:/tools/gcc-arm-none-eabi-10.3-2021.07/bin/../lib/gcc/arm-none-eabi/10.3.1/../../../../arm-none-eabi/lib/thumb/v7-m/nofp\libg.a(lib_a-errno.o)
                              CMakeFiles/ultrasonic.elf.dir/Core/Src/retarget.c.obj (__errno)
c:/tools/gcc-arm-none-eabi-10.3-2021.07/bin/../lib/gcc/arm-none-eabi/10.3.1/../../../../arm-none-eabi/lib/thumb/v7-m/nofp\libg.a(lib_a-exit.o)
                              c:/tools/gcc-arm-none-eabi-10.3-2021.07/bin/../lib/gcc/arm-none-eabi/10.3.1/../../../../arm-none-eabi/lib/thumb/v7-m/nofp/crt0.o (exit)
c:/tools/gcc-arm-none-eabi-10.3-2021.07/bin/../lib/gcc/arm-none-eabi/10.3.1/../../../../arm-none-eabi/lib/thumb/v7-m/nofp\libg.a(lib_a-impure.o)
                              c:/tools/gcc-arm-none-eabi-10.3-2021.07/bin/../lib/gcc/arm-none-eabi/10.3.1/../../../../arm-none-eabi/lib/thumb/v7-m/nofp\libg.a(lib_a-exit.o) (_global_impure_ptr)
c:/tools/gcc-arm-none-eabi-10.3-2021.07/bin/../lib/gcc/arm-none-eabi/10.3.1/../../../../arm-none-eabi/lib/thumb/v7-m/nofp\libg.a(lib_a-init.o)
                              c:/tools/gcc-arm-none-eabi-10.3-2021.07/bin/../lib/gcc/arm-none-eabi/10.3.1/../../../../arm-none-eabi/lib/thumb/v7-m/nofp/crt0.o (__libc_init_array)
c:/tools/gcc-arm-none-eabi-10.3-2021.07/bin/../lib/gcc/arm-none-eabi/10.3.1/../../../../arm-none-eabi/lib/thumb/v7-m/nofp\libg.a(lib_a-memset.o)
                              c:/tools/gcc-arm-none-eabi-10.3-2021.07/bin/../lib/gcc/arm-none-eabi/10.3.1/../../../../arm-none-eabi/lib/thumb/v7-m/nofp/crt0.o (memset)
c:/tools/gcc-arm-none-eabi-10.3-2021.07/bin/../lib/gcc/arm-none-eabi/10.3.1/../../../../arm-none-eabi/lib/thumb/v7-m/nofp\libg.a(lib_a-printf.o)
                              CMakeFiles/ultrasonic.elf.dir/Core/Src/main.c.obj (printf)
c:/tools/gcc-arm-none-eabi-10.3-2021.07/bin/../lib/gcc/arm-none-eabi/10.3.1/../../../../arm-none-eabi/lib/thumb/v7-m/nofp\libg.a(lib_a-setvbuf.o)
                              CMakeFiles/ultrasonic.elf.dir/Core/Src/retarget.c.obj (setvbuf)
c:/tools/gcc-arm-none-eabi-10.3-2021.07/bin/../lib/gcc/arm-none-eabi/10.3.1/../../../../arm-none-eabi/lib/thumb/v7-m/nofp\libg.a(lib_a-vfprintf.o)
                              c:/tools/gcc-arm-none-eabi-10.3-2021.07/bin/../lib/gcc/arm-none-eabi/10.3.1/../../../../arm-none-eabi/lib/thumb/v7-m/nofp\libg.a(lib_a-printf.o) (_vfprintf_r)
c:/tools/gcc-arm-none-eabi-10.3-2021.07/bin/../lib/gcc/arm-none-eabi/10.3.1/../../../../arm-none-eabi/lib/thumb/v7-m/nofp\libg.a(lib_a-wsetup.o)
                              c:/tools/gcc-arm-none-eabi-10.3-2021.07/bin/../lib/gcc/arm-none-eabi/10.3.1/../../../../arm-none-eabi/lib/thumb/v7-m/nofp\libg.a(lib_a-vfprintf.o) (__swsetup_r)
c:/tools/gcc-arm-none-eabi-10.3-2021.07/bin/../lib/gcc/arm-none-eabi/10.3.1/../../../../arm-none-eabi/lib/thumb/v7-m/nofp\libg.a(lib_a-__call_atexit.o)
                              c:/tools/gcc-arm-none-eabi-10.3-2021.07/bin/../lib/gcc/arm-none-eabi/10.3.1/../../../../arm-none-eabi/lib/thumb/v7-m/nofp\libg.a(lib_a-exit.o) (__call_exitprocs)
c:/tools/gcc-arm-none-eabi-10.3-2021.07/bin/../lib/gcc/arm-none-eabi/10.3.1/../../../../arm-none-eabi/lib/thumb/v7-m/nofp\libg.a(lib_a-atexit.o)
                              c:/tools/gcc-arm-none-eabi-10.3-2021.07/bin/../lib/gcc/arm-none-eabi/10.3.1/../../../../arm-none-eabi/lib/thumb/v7-m/nofp\libg.a(lib_a-__call_atexit.o) (atexit)
c:/tools/gcc-arm-none-eabi-10.3-2021.07/bin/../lib/gcc/arm-none-eabi/10.3.1/../../../../arm-none-eabi/lib/thumb/v7-m/nofp\libg.a(lib_a-dtoa.o)
                              c:/tools/gcc-arm-none-eabi-10.3-2021.07/bin/../lib/gcc/arm-none-eabi/10.3.1/../../../../arm-none-eabi/lib/thumb/v7-m/nofp\libg.a(lib_a-vfprintf.o) (_dtoa_r)
c:/tools/gcc-arm-none-eabi-10.3-2021.07/bin/../lib/gcc/arm-none-eabi/10.3.1/../../../../arm-none-eabi/lib/thumb/v7-m/nofp\libg.a(lib_a-fflush.o)
[...]
Memory Configuration

Name             Origin             Length             Attributes
RAM              0x20000000         0x00005000         xrw
FLASH            0x08000000         0x00010000         xr
*default*        0x00000000         0xffffffff

Linker script and memory map

LOAD c:/tools/gcc-arm-none-eabi-10.3-2021.07/bin/../lib/gcc/arm-none-eabi/10.3.1/thumb/v7-m/nofp/crti.o
LOAD c:/tools/gcc-arm-none-eabi-10.3-2021.07/bin/../lib/gcc/arm-none-eabi/10.3.1/thumb/v7-m/nofp/crtbegin.o
LOAD c:/tools/gcc-arm-none-eabi-10.3-2021.07/bin/../lib/gcc/arm-none-eabi/10.3.1/../../../../arm-none-eabi/lib/thumb/v7-m/nofp/crt0.o
LOAD CMakeFiles/ultrasonic.elf.dir/Core/Src/gpio.c.obj
LOAD CMakeFiles/ultrasonic.elf.dir/Core/Src/main.c.obj
LOAD CMakeFiles/ultrasonic.elf.dir/Core/Src/retarget.c.obj
LOAD CMakeFiles/ultrasonic.elf.dir/Core/Src/stm32f1xx_hal_msp.c.obj
LOAD CMakeFiles/ultrasonic.elf.dir/Core/Src/stm32f1xx_it.c.obj
LOAD CMakeFiles/ultrasonic.elf.dir/Core/Src/syscalls.c.obj
LOAD CMakeFiles/ultrasonic.elf.dir/Core/Src/system_stm32f1xx.c.obj
LOAD CMakeFiles/ultrasonic.elf.dir/Core/Src/tim.c.obj
LOAD CMakeFiles/ultrasonic.elf.dir/Core/Src/usart.c.obj
LOAD CMakeFiles/ultrasonic.elf.dir/Drivers/STM32F1xx_HAL_Driver/Src/stm32f1xx_hal.c.obj
LOAD CMakeFiles/ultrasonic.elf.dir/Drivers/STM32F1xx_HAL_Driver/Src/stm32f1xx_hal_cortex.c.obj
LOAD CMakeFiles/ultrasonic.elf.dir/Drivers/STM32F1xx_HAL_Driver/Src/stm32f1xx_hal_dma.c.obj
LOAD CMakeFiles/ultrasonic.elf.dir/Drivers/STM32F1xx_HAL_Driver/Src/stm32f1xx_hal_exti.c.obj
LOAD CMakeFiles/ultrasonic.elf.dir/Drivers/STM32F1xx_HAL_Driver/Src/stm32f1xx_hal_flash.c.obj
LOAD CMakeFiles/ultrasonic.elf.dir/Drivers/STM32F1xx_HAL_Driver/Src/stm32f1xx_hal_flash_ex.c.obj
LOAD CMakeFiles/ultrasonic.elf.dir/Drivers/STM32F1xx_HAL_Driver/Src/stm32f1xx_hal_gpio.c.obj
LOAD CMakeFiles/ultrasonic.elf.dir/Drivers/STM32F1xx_HAL_Driver/Src/stm32f1xx_hal_gpio_ex.c.obj
LOAD CMakeFiles/ultrasonic.elf.dir/Drivers/STM32F1xx_HAL_Driver/Src/stm32f1xx_hal_pwr.c.obj
LOAD CMakeFiles/ultrasonic.elf.dir/Drivers/STM32F1xx_HAL_Driver/Src/stm32f1xx_hal_rcc.c.obj
LOAD CMakeFiles/ultrasonic.elf.dir/Drivers/STM32F1xx_HAL_Driver/Src/stm32f1xx_hal_rcc_ex.c.obj
LOAD CMakeFiles/ultrasonic.elf.dir/Drivers/STM32F1xx_HAL_Driver/Src/stm32f1xx_hal_tim.c.obj
LOAD CMakeFiles/ultrasonic.elf.dir/Drivers/STM32F1xx_HAL_Driver/Src/stm32f1xx_hal_tim_ex.c.obj
LOAD CMakeFiles/ultrasonic.elf.dir/Drivers/STM32F1xx_HAL_Driver/Src/stm32f1xx_hal_uart.c.obj
LOAD CMakeFiles/ultrasonic.elf.dir/startup/startup_stm32f103xb.s.obj
LOAD CMakeFiles/ultrasonic.elf.dir/ultrasonic/ultrasonic.c.obj
START GROUP
LOAD c:/tools/gcc-arm-none-eabi-10.3-2021.07/bin/../lib/gcc/arm-none-eabi/10.3.1/thumb/v7-m/nofp\libgcc.a
LOAD c:/tools/gcc-arm-none-eabi-10.3-2021.07/bin/../lib/gcc/arm-none-eabi/10.3.1/../../../../arm-none-eabi/lib/thumb/v7-m/nofp\libg.a
LOAD c:/tools/gcc-arm-none-eabi-10.3-2021.07/bin/../lib/gcc/arm-none-eabi/10.3.1/../../../../arm-none-eabi/lib/thumb/v7-m/nofp\libc.a
END GROUP
LOAD c:/tools/gcc-arm-none-eabi-10.3-2021.07/bin/../lib/gcc/arm-none-eabi/10.3.1/thumb/v7-m/nofp/crtend.o
LOAD c:/tools/gcc-arm-none-eabi-10.3-2021.07/bin/../lib/gcc/arm-none-eabi/10.3.1/thumb/v7-m/nofp/crtn.o
                0x20005000                _estack = 0x20005000
                0x00000200                _Min_Heap_Size = 0x200
                0x00000400                _Min_Stack_Size = 0x400

.isr_vector     0x08000000      0x10c
                0x08000000                . = ALIGN (0x4)
 *(.isr_vector)
 .isr_vector    0x08000000      0x10c CMakeFiles/ultrasonic.elf.dir/startup/startup_stm32f103xb.s.obj
                0x08000000                g_pfnVectors
                0x0800010c                . = ALIGN (0x4)

.text           0x08000110     0x8a84
                0x08000110                . = ALIGN (0x4)
 *(.text)
 .text          0x08000110       0x40 c:/tools/gcc-arm-none-eabi-10.3-2021.07/bin/../lib/gcc/arm-none-eabi/10.3.1/thumb/v7-m/nofp/crtbegin.o
 .text          0x08000150      0x378 c:/tools/gcc-arm-none-eabi-10.3-2021.07/bin/../lib/gcc/arm-none-eabi/10.3.1/thumb/v7-m/nofp\libgcc.a(_arm_addsubdf3.o)
                0x08000150                __aeabi_drsub
                0x08000158                __aeabi_dsub
                0x08000158                __subdf3
                0x0800015c                __aeabi_dadd
                0x0800015c                __adddf3
                0x080003d4                __floatunsidf
                0x080003d4                __aeabi_ui2d
                0x080003f4                __floatsidf
                0x080003f4                __aeabi_i2d
                0x08000418                __aeabi_f2d
                0x08000418                __extendsfdf2
                0x0800045c                __floatundidf
                0x0800045c                __aeabi_ul2d
                0x0800046c                __floatdidf
                0x0800046c                __aeabi_l2d
 .text          0x080004c8      0x424 c:/tools/gcc-arm-none-eabi-10.3-2021.07/bin/../lib/gcc/arm-none-eabi/10.3.1/thumb/v7-m/nofp\libgcc.a(_arm_muldivdf3.o)
                0x080004c8                __aeabi_dmul
                0x080004c8                __muldf3
                0x0800071c                __divdf3
                0x0800071c                __aeabi_ddiv
 .text          0x080008ec      0x110 c:/tools/gcc-arm-none-eabi-10.3-2021.07/bin/../lib/gcc/arm-none-eabi/10.3.1/thumb/v7-m/nofp\libgcc.a(_arm_cmpdf2.o)
                0x080008ec                __gtdf2
                0x080008ec                __gedf2
                0x080008f4                __ltdf2
                0x080008f4                __ledf2
                0x080008fc                __nedf2
                0x080008fc                __eqdf2
                0x080008fc                __cmpdf2
                0x08000978                __aeabi_cdrcmple
                0x08000988                __aeabi_cdcmpeq
                0x08000988                __aeabi_cdcmple
                0x08000998                __aeabi_dcmpeq
                0x080009ac                __aeabi_dcmplt
                0x080009c0                __aeabi_dcmple
                0x080009d4                __aeabi_dcmpge
                0x080009e8                __aeabi_dcmpgt
 .text          0x080009fc       0x50 c:/tools/gcc-arm-none-eabi-10.3-2021.07/bin/../lib/gcc/arm-none-eabi/10.3.1/thumb/v7-m/nofp\libgcc.a(_arm_fixdfsi.o)
                0x080009fc                __aeabi_d2iz
                0x080009fc                __fixdfsi
 .text          0x08000a4c       0xec c:/tools/gcc-arm-none-eabi-10.3-2021.07/bin/../lib/gcc/arm-none-eabi/10.3.1/../../../../arm-none-eabi/lib/thumb/v7-m/nofp\libg.a(lib_a-memcpy.o)
                0x08000a4c                memcpy
 .text          0x08000b38       0x2c c:/tools/gcc-arm-none-eabi-10.3-2021.07/bin/../lib/gcc/arm-none-eabi/10.3.1/thumb/v7-m/nofp\libgcc.a(_arm_unorddf2.o)
                0x08000b38                __unorddf2
                0x08000b38                __aeabi_dcmpun
 .text          0x08000b64       0x30 c:/tools/gcc-arm-none-eabi-10.3-2021.07/bin/../lib/gcc/arm-none-eabi/10.3.1/thumb/v7-m/nofp\libgcc.a(_aeabi_uldivmod.o)
                0x08000b64                __aeabi_uldivmod
 .text          0x08000b94      0x2d4 c:/tools/gcc-arm-none-eabi-10.3-2021.07/bin/../lib/gcc/arm-none-eabi/10.3.1/thumb/v7-m/nofp\libgcc.a(_udivmoddi4.o)
                0x08000b94                __udivmoddi4
 .text          0x08000e68        0x4 c:/tools/gcc-arm-none-eabi-10.3-2021.07/bin/../lib/gcc/arm-none-eabi/10.3.1/thumb/v7-m/nofp\libgcc.a(_dvmd_tls.o)
                0x08000e68                __aeabi_idiv0
                0x08000e68                __aeabi_ldiv0
 *(.text*)
 .text.MX_GPIO_Init
                0x08000e6c       0xb4 CMakeFiles/ultrasonic.elf.dir/Core/Src/gpio.c.obj
                0x08000e6c                MX_GPIO_Init
 .text.Error_Handler
                0x08000f20        0x4 CMakeFiles/ultrasonic.elf.dir/Core/Src/main.c.obj
                0x08000f20                Error_Handler
 .text.SystemClock_Config
                0x08000f24       0x64 CMakeFiles/ultrasonic.elf.dir/Core/Src/main.c.obj
                0x08000f24                SystemClock_Config
 .text.main     0x08000f88       0x54 CMakeFiles/ultrasonic.elf.dir/Core/Src/main.c.obj
                0x08000f88                main
 .text.RetargetInit
                0x08000fdc       0x20 CMakeFiles/ultrasonic.elf.dir/Core/Src/retarget.c.obj
                0x08000fdc                RetargetInit
 .text._isatty  0x08000ffc       0x16 CMakeFiles/ultrasonic.elf.dir/Core/Src/retarget.c.obj
                0x08000ffc                _isatty
 *fill*         0x08001012        0x2 
 .text._write   0x08001014       0x34 CMakeFiles/ultrasonic.elf.dir/Core/Src/retarget.c.obj
                0x08001014                _write
 .text._close   0x08001048       0x18 CMakeFiles/ultrasonic.elf.dir/Core/Src/retarget.c.obj
                0x08001048                _close
 .text._lseek   0x08001060       0x10 CMakeFiles/ultrasonic.elf.dir/Core/Src/retarget.c.obj
                0x08001060                _lseek
 .text._read    0x08001070       0x30 CMakeFiles/ultrasonic.elf.dir/Core/Src/retarget.c.obj
                0x08001070                _read
 .text._fstat   0x080010a0       0x1a CMakeFiles/ultrasonic.elf.dir/Core/Src/retarget.c.obj
                0x080010a0                _fstat
 *fill*         0x080010ba        0x2 
 .text.HAL_MspInit
                0x080010bc       0x44 CMakeFiles/ultrasonic.elf.dir/Core/Src/stm32f1xx_hal_msp.c.obj
                0x080010bc                HAL_MspInit
 .text.NMI_Handler
                0x08001100        0x2 CMakeFiles/ultrasonic.elf.dir/Core/Src/stm32f1xx_it.c.obj
                0x08001100                NMI_Handler
 .text.HardFault_Handler
                0x08001102        0x2 CMakeFiles/ultrasonic.elf.dir/Core/Src/stm32f1xx_it.c.obj
                0x08001102                HardFault_Handler
 .text.MemManage_Handler
                0x08001104        0x2 CMakeFiles/ultrasonic.elf.dir/Core/Src/stm32f1xx_it.c.obj
                0x08001104                MemManage_Handler
 .text.BusFault_Handler
                0x08001106        0x2 CMakeFiles/ultrasonic.elf.dir/Core/Src/stm32f1xx_it.c.obj
                0x08001106                BusFault_Handler
 .text.UsageFault_Handler
                0x08001108        0x2 CMakeFiles/ultrasonic.elf.dir/Core/Src/stm32f1xx_it.c.obj
                0x08001108                UsageFault_Handler
 .text.SVC_Handler
                0x0800110a        0x2 CMakeFiles/ultrasonic.elf.dir/Core/Src/stm32f1xx_it.c.obj
                0x0800110a                SVC_Handler
 .text.DebugMon_Handler
                0x0800110c        0x2 CMakeFiles/ultrasonic.elf.dir/Core/Src/stm32f1xx_it.c.obj
                0x0800110c                DebugMon_Handler
 .text.PendSV_Handler
                0x0800110e        0x2 CMakeFiles/ultrasonic.elf.dir/Core/Src/stm32f1xx_it.c.obj
                0x0800110e                PendSV_Handler
 .text.SysTick_Handler
                0x08001110        0x8 CMakeFiles/ultrasonic.elf.dir/Core/Src/stm32f1xx_it.c.obj
                0x08001110                SysTick_Handler
 .text.TIM4_IRQHandler
                0x08001118       0x10 CMakeFiles/ultrasonic.elf.dir/Core/Src/stm32f1xx_it.c.obj
                0x08001118                TIM4_IRQHandler
 .text._getpid  0x08001128        0x4 CMakeFiles/ultrasonic.elf.dir/Core/Src/syscalls.c.obj
                0x08001128                _getpid
 .text._kill    0x0800112c       0x10 CMakeFiles/ultrasonic.elf.dir/Core/Src/syscalls.c.obj
                0x0800112c                _kill
 .text._exit    0x0800113c        0xc CMakeFiles/ultrasonic.elf.dir/Core/Src/syscalls.c.obj
                0x0800113c                _exit
 .text._sbrk    0x08001148       0x3c CMakeFiles/ultrasonic.elf.dir/Core/Src/syscalls.c.obj
                0x08001148                _sbrk
 .text.SystemInit
                0x08001184        0x2 CMakeFiles/ultrasonic.elf.dir/Core/Src/system_stm32f1xx.c.obj
                0x08001184                SystemInit
 *fill*         0x08001186        0x2 
 .text.MX_TIM4_Init
                0x08001188       0x78 CMakeFiles/ultrasonic.elf.dir/Core/Src/tim.c.obj
                0x08001188                MX_TIM4_Init
 .text.HAL_TIM_IC_MspInit
                0x08001200       0x70 CMakeFiles/ultrasonic.elf.dir/Core/Src/tim.c.obj
                0x08001200                HAL_TIM_IC_MspInit
 .text.MX_USART1_UART_Init
                0x08001270       0x34 CMakeFiles/ultrasonic.elf.dir/Core/Src/usart.c.obj
                0x08001270                MX_USART1_UART_Init
 .text.HAL_UART_MspInit
                0x080012a4       0x78 CMakeFiles/ultrasonic.elf.dir/Core/Src/usart.c.obj
                0x080012a4                HAL_UART_MspInit
 .text.HAL_InitTick
                0x0800131c       0x4c CMakeFiles/ultrasonic.elf.dir/Drivers/STM32F1xx_HAL_Driver/Src/stm32f1xx_hal.c.obj
                0x0800131c                HAL_InitTick
 .text.HAL_Init
                0x08001368       0x24 CMakeFiles/ultrasonic.elf.dir/Drivers/STM32F1xx_HAL_Driver/Src/stm32f1xx_hal.c.obj
                0x08001368                HAL_Init
 .text.HAL_IncTick
                0x0800138c       0x18 CMakeFiles/ultrasonic.elf.dir/Drivers/STM32F1xx_HAL_Driver/Src/stm32f1xx_hal.c.obj
                0x0800138c                HAL_IncTick
 .text.HAL_GetTick
                0x080013a4        0xc CMakeFiles/ultrasonic.elf.dir/Drivers/STM32F1xx_HAL_Driver/Src/stm32f1xx_hal.c.obj
                0x080013a4                HAL_GetTick
 .text.HAL_Delay
                0x080013b0       0x28 CMakeFiles/ultrasonic.elf.dir/Drivers/STM32F1xx_HAL_Driver/Src/stm32f1xx_hal.c.obj
                0x080013b0                HAL_Delay
 .text.HAL_NVIC_SetPriorityGrouping
                0x080013d8       0x24 CMakeFiles/ultrasonic.elf.dir/Drivers/STM32F1xx_HAL_Driver/Src/stm32f1xx_hal_cortex.c.obj
                0x080013d8                HAL_NVIC_SetPriorityGrouping
 .text.HAL_NVIC_SetPriority
                0x080013fc       0x70 CMakeFiles/ultrasonic.elf.dir/Drivers/STM32F1xx_HAL_Driver/Src/stm32f1xx_hal_cortex.c.obj
                0x080013fc                HAL_NVIC_SetPriority
 .text.HAL_NVIC_EnableIRQ
                0x0800146c       0x1c CMakeFiles/ultrasonic.elf.dir/Drivers/STM32F1xx_HAL_Driver/Src/stm32f1xx_hal_cortex.c.obj
                0x0800146c                HAL_NVIC_EnableIRQ
 .text.HAL_SYSTICK_Config
                0x08001488       0x28 CMakeFiles/ultrasonic.elf.dir/Drivers/STM32F1xx_HAL_Driver/Src/stm32f1xx_hal_cortex.c.obj
                0x08001488                HAL_SYSTICK_Config
 .text.HAL_GPIO_Init
                0x080014b0      0x224 CMakeFiles/ultrasonic.elf.dir/Drivers/STM32F1xx_HAL_Driver/Src/stm32f1xx_hal_gpio.c.obj
                0x080014b0                HAL_GPIO_Init
 .text.HAL_GPIO_ReadPin
                0x080016d4        0xe CMakeFiles/ultrasonic.elf.dir/Drivers/STM32F1xx_HAL_Driver/Src/stm32f1xx_hal_gpio.c.obj
                0x080016d4                HAL_GPIO_ReadPin
 .text.HAL_GPIO_WritePin
                0x080016e2        0xc CMakeFiles/ultrasonic.elf.dir/Drivers/STM32F1xx_HAL_Driver/Src/stm32f1xx_hal_gpio.c.obj
                0x080016e2                HAL_GPIO_WritePin
 *fill*         0x080016ee        0x2 
 .text.RCC_Delay
                0x080016f0       0x2c CMakeFiles/ultrasonic.elf.dir/Drivers/STM32F1xx_HAL_Driver/Src/stm32f1xx_hal_rcc.c.obj
 .text.HAL_RCC_OscConfig
                0x0800171c      0x410 CMakeFiles/ultrasonic.elf.dir/Drivers/STM32F1xx_HAL_Driver/Src/stm32f1xx_hal_rcc.c.obj
                0x0800171c                HAL_RCC_OscConfig
 .text.HAL_RCC_GetSysClockFreq
                0x08001b2c       0x70 CMakeFiles/ultrasonic.elf.dir/Drivers/STM32F1xx_HAL_Driver/Src/stm32f1xx_hal_rcc.c.obj
                0x08001b2c                HAL_RCC_GetSysClockFreq
 .text.HAL_RCC_ClockConfig
                0x08001b9c      0x16c CMakeFiles/ultrasonic.elf.dir/Drivers/STM32F1xx_HAL_Driver/Src/stm32f1xx_hal_rcc.c.obj
                0x08001b9c                HAL_RCC_ClockConfig
 .text.HAL_RCC_GetHCLKFreq
                0x08001d08        0xc CMakeFiles/ultrasonic.elf.dir/Drivers/STM32F1xx_HAL_Driver/Src/stm32f1xx_hal_rcc.c.obj
                0x08001d08                HAL_RCC_GetHCLKFreq
 .text.HAL_RCC_GetPCLK1Freq
                0x08001d14       0x20 CMakeFiles/ultrasonic.elf.dir/Drivers/STM32F1xx_HAL_Driver/Src/stm32f1xx_hal_rcc.c.obj
                0x08001d14                HAL_RCC_GetPCLK1Freq
 .text.HAL_RCC_GetPCLK2Freq
                0x08001d34       0x20 CMakeFiles/ultrasonic.elf.dir/Drivers/STM32F1xx_HAL_Driver/Src/stm32f1xx_hal_rcc.c.obj
                0x08001d34                HAL_RCC_GetPCLK2Freq
 .text.TIM_TI2_SetConfig
                0x08001d54       0x36 CMakeFiles/ultrasonic.elf.dir/Drivers/STM32F1xx_HAL_Driver/Src/stm32f1xx_hal_tim.c.obj
 .text.TIM_TI3_SetConfig
                0x08001d8a       0x36 CMakeFiles/ultrasonic.elf.dir/Drivers/STM32F1xx_HAL_Driver/Src/stm32f1xx_hal_tim.c.obj
 .text.TIM_TI4_SetConfig
                0x08001dc0       0x36 CMakeFiles/ultrasonic.elf.dir/Drivers/STM32F1xx_HAL_Driver/Src/stm32f1xx_hal_tim.c.obj
 *fill*         0x08001df6        0x2 
 .text.HAL_TIM_Base_Start
                0x08001df8       0x5c CMakeFiles/ultrasonic.elf.dir/Drivers/STM32F1xx_HAL_Driver/Src/stm32f1xx_hal_tim.c.obj
                0x08001df8                HAL_TIM_Base_Start
 .text.HAL_TIM_ReadCapturedValue
                0x08001e54       0x32 CMakeFiles/ultrasonic.elf.dir/Drivers/STM32F1xx_HAL_Driver/Src/stm32f1xx_hal_tim.c.obj
                0x08001e54                HAL_TIM_ReadCapturedValue
 .text.HAL_TIM_OC_DelayElapsedCallback
                0x08001e86        0x2 CMakeFiles/ultrasonic.elf.dir/Drivers/STM32F1xx_HAL_Driver/Src/stm32f1xx_hal_tim.c.obj
                0x08001e86                HAL_TIM_OC_DelayElapsedCallback
 .text.HAL_TIM_PWM_PulseFinishedCallback
                0x08001e88        0x2 CMakeFiles/ultrasonic.elf.dir/Drivers/STM32F1xx_HAL_Driver/Src/stm32f1xx_hal_tim.c.obj
                0x08001e88                HAL_TIM_PWM_PulseFinishedCallback
 .text.HAL_TIM_TriggerCallback
                0x08001e8a        0x2 CMakeFiles/ultrasonic.elf.dir/Drivers/STM32F1xx_HAL_Driver/Src/stm32f1xx_hal_tim.c.obj
                0x08001e8a                HAL_TIM_TriggerCallback
 .text.HAL_TIM_IRQHandler
                0x08001e8c      0x17a CMakeFiles/ultrasonic.elf.dir/Drivers/STM32F1xx_HAL_Driver/Src/stm32f1xx_hal_tim.c.obj
                0x08001e8c                HAL_TIM_IRQHandler
 *fill*         0x08002006        0x2 
 .text.TIM_Base_SetConfig
                0x08002008       0x74 CMakeFiles/ultrasonic.elf.dir/Drivers/STM32F1xx_HAL_Driver/Src/stm32f1xx_hal_tim.c.obj
                0x08002008                TIM_Base_SetConfig
 .text.HAL_TIM_IC_Init
                0x0800207c       0x58 CMakeFiles/ultrasonic.elf.dir/Drivers/STM32F1xx_HAL_Driver/Src/stm32f1xx_hal_tim.c.obj
                0x0800207c                HAL_TIM_IC_Init
 .text.TIM_TI1_SetConfig
                0x080020d4       0x58 CMakeFiles/ultrasonic.elf.dir/Drivers/STM32F1xx_HAL_Driver/Src/stm32f1xx_hal_tim.c.obj
                0x080020d4                TIM_TI1_SetConfig
 .text.HAL_TIM_IC_ConfigChannel
                0x0800212c       0xb4 CMakeFiles/ultrasonic.elf.dir/Drivers/STM32F1xx_HAL_Driver/Src/stm32f1xx_hal_tim.c.obj
                0x0800212c                HAL_TIM_IC_ConfigChannel
 .text.TIM_CCxChannelCmd
                0x080021e0       0x1e CMakeFiles/ultrasonic.elf.dir/Drivers/STM32F1xx_HAL_Driver/Src/stm32f1xx_hal_tim.c.obj
                0x080021e0                TIM_CCxChannelCmd
 *fill*         0x080021fe        0x2 
 .text.HAL_TIM_IC_Start_IT
                0x08002200      0x150 CMakeFiles/ultrasonic.elf.dir/Drivers/STM32F1xx_HAL_Driver/Src/stm32f1xx_hal_tim.c.obj
                0x08002200                HAL_TIM_IC_Start_IT
 .text.HAL_TIMEx_MasterConfigSynchronization
                0x08002350       0x6c CMakeFiles/ultrasonic.elf.dir/Drivers/STM32F1xx_HAL_Driver/Src/stm32f1xx_hal_tim_ex.c.obj
                0x08002350                HAL_TIMEx_MasterConfigSynchronization
 .text.HAL_TIMEx_CommutCallback
                0x080023bc        0x2 CMakeFiles/ultrasonic.elf.dir/Drivers/STM32F1xx_HAL_Driver/Src/stm32f1xx_hal_tim_ex.c.obj
                0x080023bc                HAL_TIMEx_CommutCallback
 .text.HAL_TIMEx_BreakCallback
                0x080023be        0x2 CMakeFiles/ultrasonic.elf.dir/Drivers/STM32F1xx_HAL_Driver/Src/stm32f1xx_hal_tim_ex.c.obj
                0x080023be                HAL_TIMEx_BreakCallback
 .text.UART_SetConfig
                0x080023c0       0x94 CMakeFiles/ultrasonic.elf.dir/Drivers/STM32F1xx_HAL_Driver/Src/stm32f1xx_hal_uart.c.obj
 .text.UART_WaitOnFlagUntilTimeout
                0x08002454       0x6c CMakeFiles/ultrasonic.elf.dir/Drivers/STM32F1xx_HAL_Driver/Src/stm32f1xx_hal_uart.c.obj
 .text.HAL_UART_Init
                0x080024c0       0x5e CMakeFiles/ultrasonic.elf.dir/Drivers/STM32F1xx_HAL_Driver/Src/stm32f1xx_hal_uart.c.obj
                0x080024c0                HAL_UART_Init
 .text.HAL_UART_Transmit
                0x0800251e       0xd8 CMakeFiles/ultrasonic.elf.dir/Drivers/STM32F1xx_HAL_Driver/Src/stm32f1xx_hal_uart.c.obj
                0x0800251e                HAL_UART_Transmit
 .text.HAL_UART_Receive
                0x080025f6       0xe4 CMakeFiles/ultrasonic.elf.dir/Drivers/STM32F1xx_HAL_Driver/Src/stm32f1xx_hal_uart.c.obj
                0x080025f6                HAL_UART_Receive
 *fill*         0x080026da        0x2 
 .text.Reset_Handler
                0x080026dc       0x48 CMakeFiles/ultrasonic.elf.dir/startup/startup_stm32f103xb.s.obj
                0x080026dc                Reset_Handler
 .text.Default_Handler
                0x08002724        0x2 CMakeFiles/ultrasonic.elf.dir/startup/startup_stm32f103xb.s.obj
                0x08002724                RTC_Alarm_IRQHandler
                0x08002724                EXTI2_IRQHandler
                0x08002724                TIM1_CC_IRQHandler
                0x08002724                PVD_IRQHandler
                0x08002724                EXTI3_IRQHandler
                0x08002724                EXTI0_IRQHandler
                0x08002724                I2C2_EV_IRQHandler
                0x08002724                ADC1_2_IRQHandler
                0x08002724                SPI1_IRQHandler
                0x08002724                TAMPER_IRQHandler
                0x08002724                DMA1_Channel4_IRQHandler
                0x08002724                USART3_IRQHandler
                0x08002724                RTC_IRQHandler
                0x08002724                DMA1_Channel7_IRQHandler
                0x08002724                CAN1_RX1_IRQHandler
                0x08002724                I2C1_EV_IRQHandler
                0x08002724                DMA1_Channel6_IRQHandler
                0x08002724                TIM3_IRQHandler
                0x08002724                RCC_IRQHandler
                0x08002724                TIM1_TRG_COM_IRQHandler
                0x08002724                DMA1_Channel1_IRQHandler
                0x08002724                Default_Handler
                0x08002724                EXTI15_10_IRQHandler
                0x08002724                EXTI9_5_IRQHandler
                0x08002724                SPI2_IRQHandler
                0x08002724                DMA1_Channel5_IRQHandler
                0x08002724                EXTI4_IRQHandler
                0x08002724                USB_LP_CAN1_RX0_IRQHandler
                0x08002724                USB_HP_CAN1_TX_IRQHandler
                0x08002724                DMA1_Channel3_IRQHandler
                0x08002724                TIM1_UP_IRQHandler
                0x08002724                WWDG_IRQHandler
                0x08002724                TIM2_IRQHandler
                0x08002724                TIM1_BRK_IRQHandler
                0x08002724                EXTI1_IRQHandler
                0x08002724                USART2_IRQHandler
                0x08002724                I2C2_ER_IRQHandler
                0x08002724                DMA1_Channel2_IRQHandler
                0x08002724                CAN1_SCE_IRQHandler
                0x08002724                FLASH_IRQHandler
                0x08002724                USART1_IRQHandler
                0x08002724                I2C1_ER_IRQHandler
                0x08002724                USBWakeUp_IRQHandler
 .text.delay_us
                0x08002726       0x5c CMakeFiles/ultrasonic.elf.dir/ultrasonic/ultrasonic.c.obj
                0x08002726                delay_us
 *fill*         0x08002782        0x2 
 .text.ULTRASONIC_init
                0x08002784       0x18 CMakeFiles/ultrasonic.elf.dir/ultrasonic/ultrasonic.c.obj
                0x08002784                ULTRASONIC_init
 .text.ULTRASONIC_start
                0x0800279c       0x24 CMakeFiles/ultrasonic.elf.dir/ultrasonic/ultrasonic.c.obj
                0x0800279c                ULTRASONIC_start
 .text.HAL_TIM_IC_CaptureCallback
                0x080027c0       0xa4 CMakeFiles/ultrasonic.elf.dir/ultrasonic/ultrasonic.c.obj
                0x080027c0                HAL_TIM_IC_CaptureCallback
 .text.HAL_TIM_PeriodElapsedCallback
                0x08002864       0x10 CMakeFiles/ultrasonic.elf.dir/ultrasonic/ultrasonic.c.obj
                0x08002864                HAL_TIM_PeriodElapsedCallback
 *fill*         0x08002874        0x4 
 .text.ULTRASONIC_read
                0x08002878       0x9c CMakeFiles/ultrasonic.elf.dir/ultrasonic/ultrasonic.c.obj
                0x08002878                ULTRASONIC_read
 .text.__errno  0x08002914        0xc c:/tools/gcc-arm-none-eabi-10.3-2021.07/bin/../lib/gcc/arm-none-eabi/10.3.1/../../../../arm-none-eabi/lib/thumb/v7-m/nofp\libg.a(lib_a-errno.o)
                0x08002914                __errno
 .text.__libc_init_array
                0x08002920       0x48 c:/tools/gcc-arm-none-eabi-10.3-2021.07/bin/../lib/gcc/arm-none-eabi/10.3.1/../../../../arm-none-eabi/lib/thumb/v7-m/nofp\libg.a(lib_a-init.o)
                0x08002920                __libc_init_array
 .text.memset   0x08002968       0xa4 c:/tools/gcc-arm-none-eabi-10.3-2021.07/bin/../lib/gcc/arm-none-eabi/10.3.1/../../../../arm-none-eabi/lib/thumb/v7-m/nofp\libg.a(lib_a-memset.o)
                0x08002968                memset
 .text.printf   0x08002a0c       0x28 c:/tools/gcc-arm-none-eabi-10.3-2021.07/bin/../lib/gcc/arm-none-eabi/10.3.1/../../../../arm-none-eabi/lib/thumb/v7-m/nofp\libg.a(lib_a-printf.o)
                0x08002a0c                printf
 .text.setvbuf  0x08002a34      0x1b0 c:/tools/gcc-arm-none-eabi-10.3-2021.07/bin/../lib/gcc/arm-none-eabi/10.3.1/../../../../arm-none-eabi/lib/thumb/v7-m/nofp\libg.a(lib_a-setvbuf.o)
                0x08002a34                setvbuf
 .text._vfprintf_r
                0x08002be4     0x1b58 c:/tools/gcc-arm-none-eabi-10.3-2021.07/bin/../lib/gcc/arm-none-eabi/10.3.1/../../../../arm-none-eabi/lib/thumb/v7-m/nofp\libg.a(lib_a-vfprintf.o)
                0x08002be4                _vfprintf_r
 .text.__sbprintf
                0x0800473c       0x84 c:/tools/gcc-arm-none-eabi-10.3-2021.07/bin/../lib/gcc/arm-none-eabi/10.3.1/../../../../arm-none-eabi/lib/thumb/v7-m/nofp\libg.a(lib_a-vfprintf.o)
 .text.__swsetup_r
                0x080047c0       0xd4 c:/tools/gcc-arm-none-eabi-10.3-2021.07/bin/../lib/gcc/arm-none-eabi/10.3.1/../../../../arm-none-eabi/lib/thumb/v7-m/nofp\libg.a(lib_a-wsetup.o)
                0x080047c0                __swsetup_r
 .text.startup.register_fini
                0x08004894       0x14 c:/tools/gcc-arm-none-eabi-10.3-2021.07/bin/../lib/gcc/arm-none-eabi/10.3.1/../../../../arm-none-eabi/lib/thumb/v7-m/nofp\libg.a(lib_a-__call_atexit.o)
 .text.atexit   0x080048a8        0xc c:/tools/gcc-arm-none-eabi-10.3-2021.07/bin/../lib/gcc/arm-none-eabi/10.3.1/../../../../arm-none-eabi/lib/thumb/v7-m/nofp\libg.a(lib_a-atexit.o)
                0x080048a8                atexit
 .text.quorem   0x080048b4      0x12c c:/tools/gcc-arm-none-eabi-10.3-2021.07/bin/../lib/gcc/arm-none-eabi/10.3.1/../../../../arm-none-eabi/lib/thumb/v7-m/nofp\libg.a(lib_a-dtoa.o)
 .text._dtoa_r  0x080049e0      0xecc c:/tools/gcc-arm-none-eabi-10.3-2021.07/bin/../lib/gcc/arm-none-eabi/10.3.1/../../../../arm-none-eabi/lib/thumb/v7-m/nofp\libg.a(lib_a-dtoa.o)
                0x080049e0                _dtoa_r
 .text.__sflush_r
                0x080058ac      0x124 c:/tools/gcc-arm-none-eabi-10.3-2021.07/bin/../lib/gcc/arm-none-eabi/10.3.1/../../../../arm-none-eabi/lib/thumb/v7-m/nofp\libg.a(lib_a-fflush.o)
                0x080058ac                __sflush_r
 .text._fflush_r
                0x080059d0       0x5c c:/tools/gcc-arm-none-eabi-10.3-2021.07/bin/../lib/gcc/arm-none-eabi/10.3.1/../../../../arm-none-eabi/lib/thumb/v7-m/nofp\libg.a(lib_a-fflush.o)
                0x080059d0                _fflush_r
 .text._cleanup_r
                0x08005a2c        0xc c:/tools/gcc-arm-none-eabi-10.3-2021.07/bin/../lib/gcc/arm-none-eabi/10.3.1/../../../../arm-none-eabi/lib/thumb/v7-m/nofp\libg.a(lib_a-findfp.o)
                0x08005a2c                _cleanup_r
 .text.__sinit  0x08005a38      0x10c c:/tools/gcc-arm-none-eabi-10.3-2021.07/bin/../lib/gcc/arm-none-eabi/10.3.1/../../../../arm-none-eabi/lib/thumb/v7-m/nofp\libg.a(lib_a-findfp.o)
                0x08005a38                __sinit
 .text.__sfp_lock_acquire
                0x08005b44        0xc c:/tools/gcc-arm-none-eabi-10.3-2021.07/bin/../lib/gcc/arm-none-eabi/10.3.1/../../../../arm-none-eabi/lib/thumb/v7-m/nofp\libg.a(lib_a-findfp.o)
                0x08005b44                __sfp_lock_acquire
 .text.__sfp_lock_release
                0x08005b50        0xc c:/tools/gcc-arm-none-eabi-10.3-2021.07/bin/../lib/gcc/arm-none-eabi/10.3.1/../../../../arm-none-eabi/lib/thumb/v7-m/nofp\libg.a(lib_a-findfp.o)
                0x08005b50                __sfp_lock_release
 .text.__libc_fini_array
                0x08005b5c       0x2c c:/tools/gcc-arm-none-eabi-10.3-2021.07/bin/../lib/gcc/arm-none-eabi/10.3.1/../../../../arm-none-eabi/lib/thumb/v7-m/nofp\libg.a(lib_a-fini.o)
                0x08005b5c                __libc_fini_array
 .text._malloc_trim_r
                0x08005b88       0xa0 c:/tools/gcc-arm-none-eabi-10.3-2021.07/bin/../lib/gcc/arm-none-eabi/10.3.1/../../../../arm-none-eabi/lib/thumb/v7-m/nofp\libg.a(lib_a-freer.o)
                0x08005b88                _malloc_trim_r
 .text._free_r  0x08005c28      0x200 c:/tools/gcc-arm-none-eabi-10.3-2021.07/bin/../lib/gcc/arm-none-eabi/10.3.1/../../../../arm-none-eabi/lib/thumb/v7-m/nofp\libg.a(lib_a-freer.o)
                0x08005c28                _free_r
 .text._fwalk_reent
                0x08005e28       0x48 c:/tools/gcc-arm-none-eabi-10.3-2021.07/bin/../lib/gcc/arm-none-eabi/10.3.1/../../../../arm-none-eabi/lib/thumb/v7-m/nofp\libg.a(lib_a-fwalk.o)
                0x08005e28                _fwalk_reent
 .text._localeconv_r
                0x08005e70        0x8 c:/tools/gcc-arm-none-eabi-10.3-2021.07/bin/../lib/gcc/arm-none-eabi/10.3.1/../../../../arm-none-eabi/lib/thumb/v7-m/nofp\libg.a(lib_a-localeconv.o)
                0x08005e70                _localeconv_r
 .text.__retarget_lock_init_recursive
                0x08005e78        0x4 c:/tools/gcc-arm-none-eabi-10.3-2021.07/bin/../lib/gcc/arm-none-eabi/10.3.1/../../../../arm-none-eabi/lib/thumb/v7-m/nofp\libg.a(lib_a-lock.o)
                0x08005e78                __retarget_lock_init_recursive
 .text.__retarget_lock_close_recursive
                0x08005e7c        0x4 c:/tools/gcc-arm-none-eabi-10.3-2021.07/bin/../lib/gcc/arm-none-eabi/10.3.1/../../../../arm-none-eabi/lib/thumb/v7-m/nofp\libg.a(lib_a-lock.o)
                0x08005e7c                __retarget_lock_close_recursive
 .text.__retarget_lock_acquire_recursive
                0x08005e80        0x4 c:/tools/gcc-arm-none-eabi-10.3-2021.07/bin/../lib/gcc/arm-none-eabi/10.3.1/../../../../arm-none-eabi/lib/thumb/v7-m/nofp\libg.a(lib_a-lock.o)
                0x08005e80                __retarget_lock_acquire_recursive
 .text.__retarget_lock_release_recursive
                0x08005e84        0x4 c:/tools/gcc-arm-none-eabi-10.3-2021.07/bin/../lib/gcc/arm-none-eabi/10.3.1/../../../../arm-none-eabi/lib/thumb/v7-m/nofp\libg.a(lib_a-lock.o)
                0x08005e84                __retarget_lock_release_recursive
 .text.__smakebuf_r
                0x08005e88       0xe0 c:/tools/gcc-arm-none-eabi-10.3-2021.07/bin/../lib/gcc/arm-none-eabi/10.3.1/../../../../arm-none-eabi/lib/thumb/v7-m/nofp\libg.a(lib_a-makebuf.o)
                0x08005e88                __smakebuf_r
 .text.__swhatbuf_r
                0x08005f68       0x60 c:/tools/gcc-arm-none-eabi-10.3-2021.07/bin/../lib/gcc/arm-none-eabi/10.3.1/../../../../arm-none-eabi/lib/thumb/v7-m/nofp\libg.a(lib_a-makebuf.o)
                0x08005f68                __swhatbuf_r
 .text.malloc   0x08005fc8       0x10 c:/tools/gcc-arm-none-eabi-10.3-2021.07/bin/../lib/gcc/arm-none-eabi/10.3.1/../../../../arm-none-eabi/lib/thumb/v7-m/nofp\libg.a(lib_a-malloc.o)
                0x08005fc8                malloc
 .text._malloc_r
                0x08005fd8      0x558 c:/tools/gcc-arm-none-eabi-10.3-2021.07/bin/../lib/gcc/arm-none-eabi/10.3.1/../../../../arm-none-eabi/lib/thumb/v7-m/nofp\libg.a(lib_a-mallocr.o)
                0x08005fd8                _malloc_r
 .text.memchr   0x08006530       0x90 c:/tools/gcc-arm-none-eabi-10.3-2021.07/bin/../lib/gcc/arm-none-eabi/10.3.1/../../../../arm-none-eabi/lib/thumb/v7-m/nofp\libg.a(lib_a-memchr-stub.o)
                0x08006530                memchr
 .text.__malloc_lock
                0x080065c0        0xc c:/tools/gcc-arm-none-eabi-10.3-2021.07/bin/../lib/gcc/arm-none-eabi/10.3.1/../../../../arm-none-eabi/lib/thumb/v7-m/nofp\libg.a(lib_a-mlock.o)
                0x080065c0                __malloc_lock
 .text.__malloc_unlock
                0x080065cc        0xc c:/tools/gcc-arm-none-eabi-10.3-2021.07/bin/../lib/gcc/arm-none-eabi/10.3.1/../../../../arm-none-eabi/lib/thumb/v7-m/nofp\libg.a(lib_a-mlock.o)
                0x080065cc                __malloc_unlock
 .text._Balloc  0x080065d8       0x4c c:/tools/gcc-arm-none-eabi-10.3-2021.07/bin/../lib/gcc/arm-none-eabi/10.3.1/../../../../arm-none-eabi/lib/thumb/v7-m/nofp\libg.a(lib_a-mprec.o)
                0x080065d8                _Balloc
 .text._Bfree   0x08006624       0x14 c:/tools/gcc-arm-none-eabi-10.3-2021.07/bin/../lib/gcc/arm-none-eabi/10.3.1/../../../../arm-none-eabi/lib/thumb/v7-m/nofp\libg.a(lib_a-mprec.o)
                0x08006624                _Bfree
 .text.__multadd
                0x08006638       0xa4 c:/tools/gcc-arm-none-eabi-10.3-2021.07/bin/../lib/gcc/arm-none-eabi/10.3.1/../../../../arm-none-eabi/lib/thumb/v7-m/nofp\libg.a(lib_a-mprec.o)
                0x08006638                __multadd
 .text.__hi0bits
                0x080066dc       0x40 c:/tools/gcc-arm-none-eabi-10.3-2021.07/bin/../lib/gcc/arm-none-eabi/10.3.1/../../../../arm-none-eabi/lib/thumb/v7-m/nofp\libg.a(lib_a-mprec.o)
                0x080066dc                __hi0bits
 .text.__lo0bits
                0x0800671c       0x58 c:/tools/gcc-arm-none-eabi-10.3-2021.07/bin/../lib/gcc/arm-none-eabi/10.3.1/../../../../arm-none-eabi/lib/thumb/v7-m/nofp\libg.a(lib_a-mprec.o)
                0x0800671c                __lo0bits
 .text.__i2b    0x08006774       0x5c c:/tools/gcc-arm-none-eabi-10.3-2021.07/bin/../lib/gcc/arm-none-eabi/10.3.1/../../../../arm-none-eabi/lib/thumb/v7-m/nofp\libg.a(lib_a-mprec.o)
                0x08006774                __i2b
 .text.__multiply
                0x080067d0      0x15c c:/tools/gcc-arm-none-eabi-10.3-2021.07/bin/../lib/gcc/arm-none-eabi/10.3.1/../../../../arm-none-eabi/lib/thumb/v7-m/nofp\libg.a(lib_a-mprec.o)
                0x080067d0                __multiply
 .text.__pow5mult
                0x0800692c       0xb8 c:/tools/gcc-arm-none-eabi-10.3-2021.07/bin/../lib/gcc/arm-none-eabi/10.3.1/../../../../arm-none-eabi/lib/thumb/v7-m/nofp\libg.a(lib_a-mprec.o)
                0x0800692c                __pow5mult
 .text.__lshift
                0x080069e4       0xec c:/tools/gcc-arm-none-eabi-10.3-2021.07/bin/../lib/gcc/arm-none-eabi/10.3.1/../../../../arm-none-eabi/lib/thumb/v7-m/nofp\libg.a(lib_a-mprec.o)
                0x080069e4                __lshift
 .text.__mcmp   0x08006ad0       0x40 c:/tools/gcc-arm-none-eabi-10.3-2021.07/bin/../lib/gcc/arm-none-eabi/10.3.1/../../../../arm-none-eabi/lib/thumb/v7-m/nofp\libg.a(lib_a-mprec.o)
                0x08006ad0                __mcmp
 .text.__mdiff  0x08006b10      0x14c c:/tools/gcc-arm-none-eabi-10.3-2021.07/bin/../lib/gcc/arm-none-eabi/10.3.1/../../../../arm-none-eabi/lib/thumb/v7-m/nofp\libg.a(lib_a-mprec.o)
                0x08006b10                __mdiff
 .text.__d2b    0x08006c5c       0xc4 c:/tools/gcc-arm-none-eabi-10.3-2021.07/bin/../lib/gcc/arm-none-eabi/10.3.1/../../../../arm-none-eabi/lib/thumb/v7-m/nofp\libg.a(lib_a-mprec.o)
                0x08006c5c                __d2b
 .text.frexp    0x08006d20       0x70 c:/tools/gcc-arm-none-eabi-10.3-2021.07/bin/../lib/gcc/arm-none-eabi/10.3.1/../../../../arm-none-eabi/lib/thumb/v7-m/nofp\libg.a(lib_a-s_frexp.o)
                0x08006d20                frexp
 .text._sbrk_r  0x08006d90       0x24 c:/tools/gcc-arm-none-eabi-10.3-2021.07/bin/../lib/gcc/arm-none-eabi/10.3.1/../../../../arm-none-eabi/lib/thumb/v7-m/nofp\libg.a(lib_a-sbrkr.o)
                0x08006d90                _sbrk_r
 .text.__sread  0x08006db4       0x24 c:/tools/gcc-arm-none-eabi-10.3-2021.07/bin/../lib/gcc/arm-none-eabi/10.3.1/../../../../arm-none-eabi/lib/thumb/v7-m/nofp\libg.a(lib_a-stdio.o)
                0x08006db4                __sread
 .text.__swrite
                0x08006dd8       0x40 c:/tools/gcc-arm-none-eabi-10.3-2021.07/bin/../lib/gcc/arm-none-eabi/10.3.1/../../../../arm-none-eabi/lib/thumb/v7-m/nofp\libg.a(lib_a-stdio.o)
                0x08006dd8                __swrite
 .text.__sseek  0x08006e18       0x20 c:/tools/gcc-arm-none-eabi-10.3-2021.07/bin/../lib/gcc/arm-none-eabi/10.3.1/../../../../arm-none-eabi/lib/thumb/v7-m/nofp\libg.a(lib_a-stdio.o)
                0x08006e18                __sseek
 .text.__sclose
                0x08006e38        0x8 c:/tools/gcc-arm-none-eabi-10.3-2021.07/bin/../lib/gcc/arm-none-eabi/10.3.1/../../../../arm-none-eabi/lib/thumb/v7-m/nofp\libg.a(lib_a-stdio.o)
                0x08006e38                __sclose
 .text.strlen   0x08006e40       0x5c c:/tools/gcc-arm-none-eabi-10.3-2021.07/bin/../lib/gcc/arm-none-eabi/10.3.1/../../../../arm-none-eabi/lib/thumb/v7-m/nofp\libg.a(lib_a-strlen-stub.o)
                0x08006e40                strlen
 .text.strncpy  0x08006e9c       0x68 c:/tools/gcc-arm-none-eabi-10.3-2021.07/bin/../lib/gcc/arm-none-eabi/10.3.1/../../../../arm-none-eabi/lib/thumb/v7-m/nofp\libg.a(lib_a-strncpy.o)
                0x08006e9c                strncpy
 .text.__sprint_r.part.0
                0x08006f04       0x78 c:/tools/gcc-arm-none-eabi-10.3-2021.07/bin/../lib/gcc/arm-none-eabi/10.3.1/../../../../arm-none-eabi/lib/thumb/v7-m/nofp\libg.a(lib_a-vfiprintf.o)
 .text.__sprint_r
                0x08006f7c       0x14 c:/tools/gcc-arm-none-eabi-10.3-2021.07/bin/../lib/gcc/arm-none-eabi/10.3.1/../../../../arm-none-eabi/lib/thumb/v7-m/nofp\libg.a(lib_a-vfiprintf.o)
                0x08006f7c                __sprint_r
 .text._vfiprintf_r
                0x08006f90      0xd98 c:/tools/gcc-arm-none-eabi-10.3-2021.07/bin/../lib/gcc/arm-none-eabi/10.3.1/../../../../arm-none-eabi/lib/thumb/v7-m/nofp\libg.a(lib_a-vfiprintf.o)
                0x08006f90                _vfiprintf_r
 .text.__sbprintf
                0x08007d28       0x84 c:/tools/gcc-arm-none-eabi-10.3-2021.07/bin/../lib/gcc/arm-none-eabi/10.3.1/../../../../arm-none-eabi/lib/thumb/v7-m/nofp\libg.a(lib_a-vfiprintf.o)
 .text._write_r
                0x08007dac       0x2c c:/tools/gcc-arm-none-eabi-10.3-2021.07/bin/../lib/gcc/arm-none-eabi/10.3.1/../../../../arm-none-eabi/lib/thumb/v7-m/nofp\libg.a(lib_a-writer.o)
                0x08007dac                _write_r
 .text.__register_exitproc
                0x08007dd8       0x8c c:/tools/gcc-arm-none-eabi-10.3-2021.07/bin/../lib/gcc/arm-none-eabi/10.3.1/../../../../arm-none-eabi/lib/thumb/v7-m/nofp\libg.a(lib_a-__atexit.o)
                0x08007dd8                __register_exitproc
 .text.__assert_func
                0x08007e64       0x40 c:/tools/gcc-arm-none-eabi-10.3-2021.07/bin/../lib/gcc/arm-none-eabi/10.3.1/../../../../arm-none-eabi/lib/thumb/v7-m/nofp\libg.a(lib_a-assert.o)
                0x08007e64                __assert_func
 .text._calloc_r
                0x08007ea4       0x78 c:/tools/gcc-arm-none-eabi-10.3-2021.07/bin/../lib/gcc/arm-none-eabi/10.3.1/../../../../arm-none-eabi/lib/thumb/v7-m/nofp\libg.a(lib_a-callocr.o)
                0x08007ea4                _calloc_r
 .text._close_r
                0x08007f1c       0x24 c:/tools/gcc-arm-none-eabi-10.3-2021.07/bin/../lib/gcc/arm-none-eabi/10.3.1/../../../../arm-none-eabi/lib/thumb/v7-m/nofp\libg.a(lib_a-closer.o)
                0x08007f1c                _close_r
 .text._fclose_r
                0x08007f40       0xcc c:/tools/gcc-arm-none-eabi-10.3-2021.07/bin/../lib/gcc/arm-none-eabi/10.3.1/../../../../arm-none-eabi/lib/thumb/v7-m/nofp\libg.a(lib_a-fclose.o)
                0x08007f40                _fclose_r
 .text.fiprintf
                0x0800800c       0x28 c:/tools/gcc-arm-none-eabi-10.3-2021.07/bin/../lib/gcc/arm-none-eabi/10.3.1/../../../../arm-none-eabi/lib/thumb/v7-m/nofp\libg.a(lib_a-fiprintf.o)
                0x0800800c                fiprintf
 .text.__fputwc
                0x08008034       0xa0 c:/tools/gcc-arm-none-eabi-10.3-2021.07/bin/../lib/gcc/arm-none-eabi/10.3.1/../../../../arm-none-eabi/lib/thumb/v7-m/nofp\libg.a(lib_a-fputwc.o)
                0x08008034                __fputwc
 .text._fputwc_r
                0x080080d4       0x68 c:/tools/gcc-arm-none-eabi-10.3-2021.07/bin/../lib/gcc/arm-none-eabi/10.3.1/../../../../arm-none-eabi/lib/thumb/v7-m/nofp\libg.a(lib_a-fputwc.o)
                0x080080d4                _fputwc_r
 .text._fstat_r
                0x0800813c       0x28 c:/tools/gcc-arm-none-eabi-10.3-2021.07/bin/../lib/gcc/arm-none-eabi/10.3.1/../../../../arm-none-eabi/lib/thumb/v7-m/nofp\libg.a(lib_a-fstatr.o)
                0x0800813c                _fstat_r
 .text.__sfvwrite_r
                0x08008164      0x2f0 c:/tools/gcc-arm-none-eabi-10.3-2021.07/bin/../lib/gcc/arm-none-eabi/10.3.1/../../../../arm-none-eabi/lib/thumb/v7-m/nofp\libg.a(lib_a-fvwrite.o)
                0x08008164                __sfvwrite_r
 .text._isatty_r
                0x08008454       0x24 c:/tools/gcc-arm-none-eabi-10.3-2021.07/bin/../lib/gcc/arm-none-eabi/10.3.1/../../../../arm-none-eabi/lib/thumb/v7-m/nofp\libg.a(lib_a-isattyr.o)
                0x08008454                _isatty_r
 .text.__locale_mb_cur_max
                0x08008478        0xc c:/tools/gcc-arm-none-eabi-10.3-2021.07/bin/../lib/gcc/arm-none-eabi/10.3.1/../../../../arm-none-eabi/lib/thumb/v7-m/nofp\libg.a(lib_a-locale.o)
                0x08008478                __locale_mb_cur_max
 .text._lseek_r
                0x08008484       0x2c c:/tools/gcc-arm-none-eabi-10.3-2021.07/bin/../lib/gcc/arm-none-eabi/10.3.1/../../../../arm-none-eabi/lib/thumb/v7-m/nofp\libg.a(lib_a-lseekr.o)
                0x08008484                _lseek_r
 .text.__ascii_mbtowc
                0x080084b0       0x2c c:/tools/gcc-arm-none-eabi-10.3-2021.07/bin/../lib/gcc/arm-none-eabi/10.3.1/../../../../arm-none-eabi/lib/thumb/v7-m/nofp\libg.a(lib_a-mbtowc_r.o)
                0x080084b0                __ascii_mbtowc
 .text.memmove  0x080084dc       0xf8 c:/tools/gcc-arm-none-eabi-10.3-2021.07/bin/../lib/gcc/arm-none-eabi/10.3.1/../../../../arm-none-eabi/lib/thumb/v7-m/nofp\libg.a(lib_a-memmove.o)
                0x080084dc                memmove
 .text._read_r  0x080085d4       0x2c c:/tools/gcc-arm-none-eabi-10.3-2021.07/bin/../lib/gcc/arm-none-eabi/10.3.1/../../../../arm-none-eabi/lib/thumb/v7-m/nofp\libg.a(lib_a-readr.o)
                0x080085d4                _read_r
 .text._realloc_r
                0x08008600      0x3dc c:/tools/gcc-arm-none-eabi-10.3-2021.07/bin/../lib/gcc/arm-none-eabi/10.3.1/../../../../arm-none-eabi/lib/thumb/v7-m/nofp\libg.a(lib_a-reallocr.o)
                0x08008600                _realloc_r
 .text.__swbuf_r
                0x080089dc       0xb0 c:/tools/gcc-arm-none-eabi-10.3-2021.07/bin/../lib/gcc/arm-none-eabi/10.3.1/../../../../arm-none-eabi/lib/thumb/v7-m/nofp\libg.a(lib_a-wbuf.o)
                0x080089dc                __swbuf_r
 .text._wcrtomb_r
                0x08008a8c       0x3c c:/tools/gcc-arm-none-eabi-10.3-2021.07/bin/../lib/gcc/arm-none-eabi/10.3.1/../../../../arm-none-eabi/lib/thumb/v7-m/nofp\libg.a(lib_a-wcrtomb.o)
                0x08008a8c                _wcrtomb_r
 .text.__ascii_wctomb
                0x08008ac8       0x1c c:/tools/gcc-arm-none-eabi-10.3-2021.07/bin/../lib/gcc/arm-none-eabi/10.3.1/../../../../arm-none-eabi/lib/thumb/v7-m/nofp\libg.a(lib_a-wctomb_r.o)
                0x08008ac8                __ascii_wctomb
 .text.abort    0x08008ae4       0x10 c:/tools/gcc-arm-none-eabi-10.3-2021.07/bin/../lib/gcc/arm-none-eabi/10.3.1/../../../../arm-none-eabi/lib/thumb/v7-m/nofp\libg.a(lib_a-abort.o)
                0x08008ae4                abort
 .text.raise    0x08008af4       0x5c c:/tools/gcc-arm-none-eabi-10.3-2021.07/bin/../lib/gcc/arm-none-eabi/10.3.1/../../../../arm-none-eabi/lib/thumb/v7-m/nofp\libg.a(lib_a-signal.o)
                0x08008af4                raise
 .text._kill_r  0x08008b50       0x28 c:/tools/gcc-arm-none-eabi-10.3-2021.07/bin/../lib/gcc/arm-none-eabi/10.3.1/../../../../arm-none-eabi/lib/thumb/v7-m/nofp\libg.a(lib_a-signalr.o)
                0x08008b50                _kill_r
 .text._getpid_r
                0x08008b78        0x4 c:/tools/gcc-arm-none-eabi-10.3-2021.07/bin/../lib/gcc/arm-none-eabi/10.3.1/../../../../arm-none-eabi/lib/thumb/v7-m/nofp\libg.a(lib_a-signalr.o)
                0x08008b78                _getpid_r
 *(.glue_7)
 .glue_7        0x08008b7c        0x0 linker stubs
 *(.glue_7t)
 .glue_7t       0x08008b7c        0x0 linker stubs
 *(.eh_frame)
 .eh_frame      0x08008b7c        0x0 c:/tools/gcc-arm-none-eabi-10.3-2021.07/bin/../lib/gcc/arm-none-eabi/10.3.1/thumb/v7-m/nofp/crtbegin.o
 *(.init)
 .init          0x08008b7c        0x4 c:/tools/gcc-arm-none-eabi-10.3-2021.07/bin/../lib/gcc/arm-none-eabi/10.3.1/thumb/v7-m/nofp/crti.o
                0x08008b7c                _init
 .init          0x08008b80        0x8 c:/tools/gcc-arm-none-eabi-10.3-2021.07/bin/../lib/gcc/arm-none-eabi/10.3.1/thumb/v7-m/nofp/crtn.o
 *(.fini)
 .fini          0x08008b88        0x4 c:/tools/gcc-arm-none-eabi-10.3-2021.07/bin/../lib/gcc/arm-none-eabi/10.3.1/thumb/v7-m/nofp/crti.o
                0x08008b88                _fini
 .fini          0x08008b8c        0x8 c:/tools/gcc-arm-none-eabi-10.3-2021.07/bin/../lib/gcc/arm-none-eabi/10.3.1/thumb/v7-m/nofp/crtn.o
                0x08008b94                . = ALIGN (0x4)
                0x08008b94                _etext = .

.vfp11_veneer   0x08008b94        0x0
 .vfp11_veneer  0x08008b94        0x0 linker stubs

.v4_bx          0x08008b94        0x0
 .v4_bx         0x08008b94        0x0 linker stubs

.iplt           0x08008b94        0x0
 .iplt          0x08008b94        0x0 c:/tools/gcc-arm-none-eabi-10.3-2021.07/bin/../lib/gcc/arm-none-eabi/10.3.1/thumb/v7-m/nofp/crtbegin.o

.rodata         0x08008b98      0x430
                0x08008b98                . = ALIGN (0x4)
 *(.rodata)
 *(.rodata*)
 .rodata.main.str1.4
                0x08008b98        0x4 CMakeFiles/ultrasonic.elf.dir/Core/Src/main.c.obj
 .rodata.AHBPrescTable
                0x08008b9c       0x10 CMakeFiles/ultrasonic.elf.dir/Core/Src/system_stm32f1xx.c.obj
                0x08008b9c                AHBPrescTable
 .rodata.APBPrescTable
                0x08008bac        0x8 CMakeFiles/ultrasonic.elf.dir/Core/Src/system_stm32f1xx.c.obj
                0x08008bac                APBPrescTable
 .rodata.HAL_RCC_GetSysClockFreq.str1.4
                0x08008bb4       0x11 CMakeFiles/ultrasonic.elf.dir/Drivers/STM32F1xx_HAL_Driver/Src/stm32f1xx_hal_rcc.c.obj
 *fill*         0x08008bc5        0x3 
 .rodata._global_impure_ptr
                0x08008bc8        0x4 c:/tools/gcc-arm-none-eabi-10.3-2021.07/bin/../lib/gcc/arm-none-eabi/10.3.1/../../../../arm-none-eabi/lib/thumb/v7-m/nofp\libg.a(lib_a-impure.o)
                0x08008bc8                _global_impure_ptr
 .rodata._vfprintf_r.str1.4
                0x08008bcc       0x42 c:/tools/gcc-arm-none-eabi-10.3-2021.07/bin/../lib/gcc/arm-none-eabi/10.3.1/../../../../arm-none-eabi/lib/thumb/v7-m/nofp\libg.a(lib_a-vfprintf.o)
 *fill*         0x08008c0e        0x2 
 .rodata.blanks.1
                0x08008c10       0x10 c:/tools/gcc-arm-none-eabi-10.3-2021.07/bin/../lib/gcc/arm-none-eabi/10.3.1/../../../../arm-none-eabi/lib/thumb/v7-m/nofp\libg.a(lib_a-vfprintf.o)
 .rodata.zeroes.0
                0x08008c20       0x10 c:/tools/gcc-arm-none-eabi-10.3-2021.07/bin/../lib/gcc/arm-none-eabi/10.3.1/../../../../arm-none-eabi/lib/thumb/v7-m/nofp\libg.a(lib_a-vfprintf.o)
 .rodata._dtoa_r.str1.4
                0x08008c30       0xa2 c:/tools/gcc-arm-none-eabi-10.3-2021.07/bin/../lib/gcc/arm-none-eabi/10.3.1/../../../../arm-none-eabi/lib/thumb/v7-m/nofp\libg.a(lib_a-dtoa.o)
                                 0xa6 (size before relaxing)
 *fill*         0x08008cd2        0x2 
 .rodata.__multadd.str1.4
                0x08008cd4       0x7f c:/tools/gcc-arm-none-eabi-10.3-2021.07/bin/../lib/gcc/arm-none-eabi/10.3.1/../../../../arm-none-eabi/lib/thumb/v7-m/nofp\libg.a(lib_a-mprec.o)
                                 0x93 (size before relaxing)
 *fill*         0x08008d53        0x5 
 .rodata.__mprec_bigtens
                0x08008d58       0x28 c:/tools/gcc-arm-none-eabi-10.3-2021.07/bin/../lib/gcc/arm-none-eabi/10.3.1/../../../../arm-none-eabi/lib/thumb/v7-m/nofp\libg.a(lib_a-mprec.o)
                0x08008d58                __mprec_bigtens
 .rodata.__mprec_tens
                0x08008d80       0xc8 c:/tools/gcc-arm-none-eabi-10.3-2021.07/bin/../lib/gcc/arm-none-eabi/10.3.1/../../../../arm-none-eabi/lib/thumb/v7-m/nofp\libg.a(lib_a-mprec.o)
                0x08008d80                __mprec_tens
 .rodata.p05.0  0x08008e48        0xc c:/tools/gcc-arm-none-eabi-10.3-2021.07/bin/../lib/gcc/arm-none-eabi/10.3.1/../../../../arm-none-eabi/lib/thumb/v7-m/nofp\libg.a(lib_a-mprec.o)
 .rodata._vfiprintf_r.str1.4
                0x08008e54       0x2f c:/tools/gcc-arm-none-eabi-10.3-2021.07/bin/../lib/gcc/arm-none-eabi/10.3.1/../../../../arm-none-eabi/lib/thumb/v7-m/nofp\libg.a(lib_a-vfiprintf.o)
 .rodata.blanks.1
                0x08008e54       0x10 c:/tools/gcc-arm-none-eabi-10.3-2021.07/bin/../lib/gcc/arm-none-eabi/10.3.1/../../../../arm-none-eabi/lib/thumb/v7-m/nofp\libg.a(lib_a-vfiprintf.o)
 .rodata.zeroes.0
                0x08008e64       0x10 c:/tools/gcc-arm-none-eabi-10.3-2021.07/bin/../lib/gcc/arm-none-eabi/10.3.1/../../../../arm-none-eabi/lib/thumb/v7-m/nofp\libg.a(lib_a-vfiprintf.o)
 .rodata.__assert_func.str1.4
                0x08008e74       0x3f c:/tools/gcc-arm-none-eabi-10.3-2021.07/bin/../lib/gcc/arm-none-eabi/10.3.1/../../../../arm-none-eabi/lib/thumb/v7-m/nofp\libg.a(lib_a-assert.o)
                                 0x43 (size before relaxing)
 *fill*         0x08008eb3        0x1 
 .rodata._setlocale_r.str1.4
                0x08008eb4        0xa c:/tools/gcc-arm-none-eabi-10.3-2021.07/bin/../lib/gcc/arm-none-eabi/10.3.1/../../../../arm-none-eabi/lib/thumb/v7-m/nofp\libg.a(lib_a-locale.o)
                                  0xd (size before relaxing)
 *fill*         0x08008ebe        0x2 
 .rodata.str1.4
                0x08008ec0        0x2 c:/tools/gcc-arm-none-eabi-10.3-2021.07/bin/../lib/gcc/arm-none-eabi/10.3.1/../../../../arm-none-eabi/lib/thumb/v7-m/nofp\libg.a(lib_a-locale.o)
 *fill*         0x08008ec2        0x2 
 .rodata._ctype_
                0x08008ec4      0x101 c:/tools/gcc-arm-none-eabi-10.3-2021.07/bin/../lib/gcc/arm-none-eabi/10.3.1/../../../../arm-none-eabi/lib/thumb/v7-m/nofp\libg.a(lib_a-ctype_.o)
                0x08008ec4                _ctype_
                0x08008fc8                . = ALIGN (0x4)
 *fill*         0x08008fc5        0x3 

.ARM.extab
 *(.ARM.extab* .gnu.linkonce.armextab.*)

.ARM            0x08008fc8        0x8
                0x08008fc8                __exidx_start = .
 *(.ARM.exidx*)
 .ARM.exidx     0x08008fc8        0x8 c:/tools/gcc-arm-none-eabi-10.3-2021.07/bin/../lib/gcc/arm-none-eabi/10.3.1/thumb/v7-m/nofp\libgcc.a(_udivmoddi4.o)
                0x08008fd0                __exidx_end = .

.rel.dyn        0x08008fd0        0x0
 .rel.iplt      0x08008fd0        0x0 c:/tools/gcc-arm-none-eabi-10.3-2021.07/bin/../lib/gcc/arm-none-eabi/10.3.1/thumb/v7-m/nofp/crtbegin.o

.preinit_array  0x08008fd0        0x0
                0x08008fd0                PROVIDE (__preinit_array_start = .)
 *(.preinit_array*)
                0x08008fd0                PROVIDE (__preinit_array_end = .)

.init_array     0x08008fd0        0x8
                0x08008fd0                PROVIDE (__init_array_start = .)
 *(SORT_BY_NAME(.init_array.*))
 .init_array.00000
                0x08008fd0        0x4 c:/tools/gcc-arm-none-eabi-10.3-2021.07/bin/../lib/gcc/arm-none-eabi/10.3.1/../../../../arm-none-eabi/lib/thumb/v7-m/nofp\libg.a(lib_a-__call_atexit.o)
 *(.init_array*)
 .init_array    0x08008fd4        0x4 c:/tools/gcc-arm-none-eabi-10.3-2021.07/bin/../lib/gcc/arm-none-eabi/10.3.1/thumb/v7-m/nofp/crtbegin.o
                0x08008fd8                PROVIDE (__init_array_end = .)

.fini_array     0x08008fd8        0x4
                0x08008fd8                PROVIDE (__fini_array_start = .)
 *(SORT_BY_NAME(.fini_array.*))
 *(.fini_array*)
 .fini_array    0x08008fd8        0x4 c:/tools/gcc-arm-none-eabi-10.3-2021.07/bin/../lib/gcc/arm-none-eabi/10.3.1/thumb/v7-m/nofp/crtbegin.o
                0x08008fdc                PROVIDE (__fini_array_end = .)
                0x08008fdc                _sidata = LOADADDR (.data)

.data           0x20000000      0x9b8 load address 0x08008fdc
                0x20000000                . = ALIGN (0x4)
                0x20000000                _sdata = .
 *(.data)
 *(.data*)
 .data.SystemCoreClock
                0x20000000        0x4 CMakeFiles/ultrasonic.elf.dir/Core/Src/system_stm32f1xx.c.obj
                0x20000000                SystemCoreClock
 .data.uwTickFreq
                0x20000004        0x1 CMakeFiles/ultrasonic.elf.dir/Drivers/STM32F1xx_HAL_Driver/Src/stm32f1xx_hal.c.obj
                0x20000004                uwTickFreq
 *fill*         0x20000005        0x3 
 .data.uwTickPrio
                0x20000008        0x4 CMakeFiles/ultrasonic.elf.dir/Drivers/STM32F1xx_HAL_Driver/Src/stm32f1xx_hal.c.obj
                0x20000008                uwTickPrio
 .data._impure_ptr
                0x2000000c        0x4 c:/tools/gcc-arm-none-eabi-10.3-2021.07/bin/../lib/gcc/arm-none-eabi/10.3.1/../../../../arm-none-eabi/lib/thumb/v7-m/nofp\libg.a(lib_a-impure.o)
                0x2000000c                _impure_ptr
 .data.impure_data
                0x20000010      0x428 c:/tools/gcc-arm-none-eabi-10.3-2021.07/bin/../lib/gcc/arm-none-eabi/10.3.1/../../../../arm-none-eabi/lib/thumb/v7-m/nofp\libg.a(lib_a-impure.o)
 .data.__atexit_recursive_mutex
                0x20000438        0x4 c:/tools/gcc-arm-none-eabi-10.3-2021.07/bin/../lib/gcc/arm-none-eabi/10.3.1/../../../../arm-none-eabi/lib/thumb/v7-m/nofp\libg.a(lib_a-__call_atexit.o)
                0x20000438                __atexit_recursive_mutex
 .data.__malloc_av_
                0x2000043c      0x408 c:/tools/gcc-arm-none-eabi-10.3-2021.07/bin/../lib/gcc/arm-none-eabi/10.3.1/../../../../arm-none-eabi/lib/thumb/v7-m/nofp\libg.a(lib_a-mallocr.o)
                0x2000043c                __malloc_av_
 .data.__malloc_sbrk_base
                0x20000844        0x4 c:/tools/gcc-arm-none-eabi-10.3-2021.07/bin/../lib/gcc/arm-none-eabi/10.3.1/../../../../arm-none-eabi/lib/thumb/v7-m/nofp\libg.a(lib_a-mallocr.o)
                0x20000844                __malloc_sbrk_base
 .data.__malloc_trim_threshold
                0x20000848        0x4 c:/tools/gcc-arm-none-eabi-10.3-2021.07/bin/../lib/gcc/arm-none-eabi/10.3.1/../../../../arm-none-eabi/lib/thumb/v7-m/nofp\libg.a(lib_a-mallocr.o)
                0x20000848                __malloc_trim_threshold
 .data.__global_locale
                0x2000084c      0x16c c:/tools/gcc-arm-none-eabi-10.3-2021.07/bin/../lib/gcc/arm-none-eabi/10.3.1/../../../../arm-none-eabi/lib/thumb/v7-m/nofp\libg.a(lib_a-locale.o)
                0x2000084c                __global_locale
                0x200009b8                . = ALIGN (0x4)
                0x200009b8                _edata = .

.igot.plt       0x200009b8        0x0 load address 0x08009994
 .igot.plt      0x200009b8        0x0 c:/tools/gcc-arm-none-eabi-10.3-2021.07/bin/../lib/gcc/arm-none-eabi/10.3.1/thumb/v7-m/nofp/crtbegin.o
                0x200009b8                . = ALIGN (0x4)

.bss            0x200009b8      0x120 load address 0x08009994
                0x200009b8                _sbss = .
                0x200009b8                __bss_start__ = _sbss
 *(.bss)
 .bss           0x200009b8       0x1c c:/tools/gcc-arm-none-eabi-10.3-2021.07/bin/../lib/gcc/arm-none-eabi/10.3.1/thumb/v7-m/nofp/crtbegin.o
 *(.bss*)
 *fill*         0x200009d4        0x4 
 .bss.distance.0
                0x200009d8        0x8 CMakeFiles/ultrasonic.elf.dir/Core/Src/main.c.obj
 .bss.gHuart    0x200009e0        0x4 CMakeFiles/ultrasonic.elf.dir/Core/Src/retarget.c.obj
                0x200009e0                gHuart
 .bss.heap_end.0
                0x200009e4        0x4 CMakeFiles/ultrasonic.elf.dir/Core/Src/syscalls.c.obj
 .bss.htim4     0x200009e8       0x48 CMakeFiles/ultrasonic.elf.dir/Core/Src/tim.c.obj
                0x200009e8                htim4
 .bss.huart1    0x20000a30       0x44 CMakeFiles/ultrasonic.elf.dir/Core/Src/usart.c.obj
                0x20000a30                huart1
 .bss.uwTick    0x20000a74        0x4 CMakeFiles/ultrasonic.elf.dir/Drivers/STM32F1xx_HAL_Driver/Src/stm32f1xx_hal.c.obj
                0x20000a74                uwTick
 .bss.distance_cm
                0x20000a78        0x8 CMakeFiles/ultrasonic.elf.dir/ultrasonic/ultrasonic.c.obj
                0x20000a78                distance_cm
 .bss.echo_state
                0x20000a80        0x1 CMakeFiles/ultrasonic.elf.dir/ultrasonic/ultrasonic.c.obj
                0x20000a80                echo_state
 *fill*         0x20000a81        0x3 
 .bss.spreading_time_us
                0x20000a84        0x4 CMakeFiles/ultrasonic.elf.dir/ultrasonic/ultrasonic.c.obj
                0x20000a84                spreading_time_us
 .bss.tim_counter_value1
                0x20000a88        0x2 CMakeFiles/ultrasonic.elf.dir/ultrasonic/ultrasonic.c.obj
                0x20000a88                tim_counter_value1
 .bss.tim_counter_value2
                0x20000a8a        0x2 CMakeFiles/ultrasonic.elf.dir/ultrasonic/ultrasonic.c.obj
                0x20000a8a                tim_counter_value2
 .bss.tim_overflow_counter
                0x20000a8c        0x2 CMakeFiles/ultrasonic.elf.dir/ultrasonic/ultrasonic.c.obj
                0x20000a8c                tim_overflow_counter
 *fill*         0x20000a8e        0x2 
 .bss.__lock___atexit_recursive_mutex
                0x20000a90        0x1 c:/tools/gcc-arm-none-eabi-10.3-2021.07/bin/../lib/gcc/arm-none-eabi/10.3.1/../../../../arm-none-eabi/lib/thumb/v7-m/nofp\libg.a(lib_a-lock.o)
                0x20000a90                __lock___atexit_recursive_mutex
 *fill*         0x20000a91        0x3 
 .bss.__lock___malloc_recursive_mutex
                0x20000a94        0x1 c:/tools/gcc-arm-none-eabi-10.3-2021.07/bin/../lib/gcc/arm-none-eabi/10.3.1/../../../../arm-none-eabi/lib/thumb/v7-m/nofp\libg.a(lib_a-lock.o)
                0x20000a94                __lock___malloc_recursive_mutex
 *fill*         0x20000a95        0x3 
 .bss.__lock___sfp_recursive_mutex
                0x20000a98        0x1 c:/tools/gcc-arm-none-eabi-10.3-2021.07/bin/../lib/gcc/arm-none-eabi/10.3.1/../../../../arm-none-eabi/lib/thumb/v7-m/nofp\libg.a(lib_a-lock.o)
                0x20000a98                __lock___sfp_recursive_mutex
 *fill*         0x20000a99        0x3 
 .bss.__lock___sinit_recursive_mutex
                0x20000a9c        0x1 c:/tools/gcc-arm-none-eabi-10.3-2021.07/bin/../lib/gcc/arm-none-eabi/10.3.1/../../../../arm-none-eabi/lib/thumb/v7-m/nofp\libg.a(lib_a-lock.o)
                0x20000a9c                __lock___sinit_recursive_mutex
 *fill*         0x20000a9d        0x3 
 .bss.__malloc_current_mallinfo
                0x20000aa0       0x28 c:/tools/gcc-arm-none-eabi-10.3-2021.07/bin/../lib/gcc/arm-none-eabi/10.3.1/../../../../arm-none-eabi/lib/thumb/v7-m/nofp\libg.a(lib_a-mallocr.o)
                0x20000aa0                __malloc_current_mallinfo
 .bss.__malloc_max_sbrked_mem
                0x20000ac8        0x4 c:/tools/gcc-arm-none-eabi-10.3-2021.07/bin/../lib/gcc/arm-none-eabi/10.3.1/../../../../arm-none-eabi/lib/thumb/v7-m/nofp\libg.a(lib_a-mallocr.o)
                0x20000ac8                __malloc_max_sbrked_mem
 .bss.__malloc_max_total_mem
                0x20000acc        0x4 c:/tools/gcc-arm-none-eabi-10.3-2021.07/bin/../lib/gcc/arm-none-eabi/10.3.1/../../../../arm-none-eabi/lib/thumb/v7-m/nofp\libg.a(lib_a-mallocr.o)
                0x20000acc                __malloc_max_total_mem
 .bss.__malloc_top_pad
                0x20000ad0        0x4 c:/tools/gcc-arm-none-eabi-10.3-2021.07/bin/../lib/gcc/arm-none-eabi/10.3.1/../../../../arm-none-eabi/lib/thumb/v7-m/nofp\libg.a(lib_a-mallocr.o)
                0x20000ad0                __malloc_top_pad
 .bss.errno     0x20000ad4        0x4 c:/tools/gcc-arm-none-eabi-10.3-2021.07/bin/../lib/gcc/arm-none-eabi/10.3.1/../../../../arm-none-eabi/lib/thumb/v7-m/nofp\libg.a(lib_a-reent.o)
                0x20000ad4                errno
 *(COMMON)
                0x20000ad8                . = ALIGN (0x4)
                0x20000ad8                _ebss = .
                0x20000ad8                __bss_end__ = _ebss

._user_heap_stack
                0x20000ad8      0x600 load address 0x08009994
                0x20000ad8                . = ALIGN (0x8)
                0x20000ad8                PROVIDE (end = .)
                [!provide]                PROVIDE (_end = .)
                0x20000cd8                . = (. + _Min_Heap_Size)
 *fill*         0x20000ad8      0x200 
                0x200010d8                . = (. + _Min_Stack_Size)
 *fill*         0x20000cd8      0x400 
                0x200010d8                . = ALIGN (0x8)

/DISCARD/
 libc.a(*)
 libm.a(*)
 libgcc.a(*)

.ARM.attributes
                0x00000000       0x29
 *(.ARM.attributes)
 .ARM.attributes
                0x00000000       0x1d c:/tools/gcc-arm-none-eabi-10.3-2021.07/bin/../lib/gcc/arm-none-eabi/10.3.1/thumb/v7-m/nofp/crti.o
 .ARM.attributes
                0x0000001d       0x2d c:/tools/gcc-arm-none-eabi-10.3-2021.07/bin/../lib/gcc/arm-none-eabi/10.3.1/thumb/v7-m/nofp/crtbegin.o
 .ARM.attributes
                0x0000004a       0x2d CMakeFiles/ultrasonic.elf.dir/Core/Src/gpio.c.obj
 .ARM.attributes
                0x00000077       0x2d CMakeFiles/ultrasonic.elf.dir/Core/Src/main.c.obj
 .ARM.attributes
                0x000000a4       0x2d CMakeFiles/ultrasonic.elf.dir/Core/Src/retarget.c.obj
 .ARM.attributes
                0x000000d1       0x2d CMakeFiles/ultrasonic.elf.dir/Core/Src/stm32f1xx_hal_msp.c.obj
 .ARM.attributes
                0x000000fe       0x2d CMakeFiles/ultrasonic.elf.dir/Core/Src/stm32f1xx_it.c.obj
 .ARM.attributes
                0x0000012b       0x2d CMakeFiles/ultrasonic.elf.dir/Core/Src/syscalls.c.obj
 .ARM.attributes
                0x00000158       0x2d CMakeFiles/ultrasonic.elf.dir/Core/Src/system_stm32f1xx.c.obj
 .ARM.attributes
                0x00000185       0x2d CMakeFiles/ultrasonic.elf.dir/Core/Src/tim.c.obj
 .ARM.attributes
                0x000001b2       0x2d CMakeFiles/ultrasonic.elf.dir/Core/Src/usart.c.obj
 .ARM.attributes
                0x000001df       0x2d CMakeFiles/ultrasonic.elf.dir/Drivers/STM32F1xx_HAL_Driver/Src/stm32f1xx_hal.c.obj
 .ARM.attributes
                0x0000020c       0x2d CMakeFiles/ultrasonic.elf.dir/Drivers/STM32F1xx_HAL_Driver/Src/stm32f1xx_hal_cortex.c.obj
 .ARM.attributes
                0x00000239       0x2d CMakeFiles/ultrasonic.elf.dir/Drivers/STM32F1xx_HAL_Driver/Src/stm32f1xx_hal_gpio.c.obj
 .ARM.attributes
                0x00000266       0x2d CMakeFiles/ultrasonic.elf.dir/Drivers/STM32F1xx_HAL_Driver/Src/stm32f1xx_hal_rcc.c.obj
 .ARM.attributes
                0x00000293       0x2d CMakeFiles/ultrasonic.elf.dir/Drivers/STM32F1xx_HAL_Driver/Src/stm32f1xx_hal_tim.c.obj
 .ARM.attributes
                0x000002c0       0x2d CMakeFiles/ultrasonic.elf.dir/Drivers/STM32F1xx_HAL_Driver/Src/stm32f1xx_hal_tim_ex.c.obj
 .ARM.attributes
                0x000002ed       0x2d CMakeFiles/ultrasonic.elf.dir/Drivers/STM32F1xx_HAL_Driver/Src/stm32f1xx_hal_uart.c.obj
 .ARM.attributes
                0x0000031a       0x21 CMakeFiles/ultrasonic.elf.dir/startup/startup_stm32f103xb.s.obj
 .ARM.attributes
                0x0000033b       0x2d CMakeFiles/ultrasonic.elf.dir/ultrasonic/ultrasonic.c.obj
 .ARM.attributes
                0x00000368       0x1d c:/tools/gcc-arm-none-eabi-10.3-2021.07/bin/../lib/gcc/arm-none-eabi/10.3.1/thumb/v7-m/nofp\libgcc.a(_arm_addsubdf3.o)
 .ARM.attributes
                0x00000385       0x1d c:/tools/gcc-arm-none-eabi-10.3-2021.07/bin/../lib/gcc/arm-none-eabi/10.3.1/thumb/v7-m/nofp\libgcc.a(_arm_muldivdf3.o)
 .ARM.attributes
                0x000003a2       0x1d c:/tools/gcc-arm-none-eabi-10.3-2021.07/bin/../lib/gcc/arm-none-eabi/10.3.1/thumb/v7-m/nofp\libgcc.a(_arm_cmpdf2.o)
 .ARM.attributes
                0x000003bf       0x1d c:/tools/gcc-arm-none-eabi-10.3-2021.07/bin/../lib/gcc/arm-none-eabi/10.3.1/thumb/v7-m/nofp\libgcc.a(_arm_fixdfsi.o)
 .ARM.attributes
                0x000003dc       0x2d c:/tools/gcc-arm-none-eabi-10.3-2021.07/bin/../lib/gcc/arm-none-eabi/10.3.1/../../../../arm-none-eabi/lib/thumb/v7-m/nofp\libg.a(lib_a-errno.o)
 .ARM.attributes
                0x00000409       0x2d c:/tools/gcc-arm-none-eabi-10.3-2021.07/bin/../lib/gcc/arm-none-eabi/10.3.1/../../../../arm-none-eabi/lib/thumb/v7-m/nofp\libg.a(lib_a-impure.o)
 .ARM.attributes
                0x00000436       0x2d c:/tools/gcc-arm-none-eabi-10.3-2021.07/bin/../lib/gcc/arm-none-eabi/10.3.1/../../../../arm-none-eabi/lib/thumb/v7-m/nofp\libg.a(lib_a-init.o)
 .ARM.attributes
                0x00000463       0x2d c:/tools/gcc-arm-none-eabi-10.3-2021.07/bin/../lib/gcc/arm-none-eabi/10.3.1/../../../../arm-none-eabi/lib/thumb/v7-m/nofp\libg.a(lib_a-memset.o)
 .ARM.attributes
                0x00000490       0x2d c:/tools/gcc-arm-none-eabi-10.3-2021.07/bin/../lib/gcc/arm-none-eabi/10.3.1/../../../../arm-none-eabi/lib/thumb/v7-m/nofp\libg.a(lib_a-printf.o)
 .ARM.attributes
                0x000004bd       0x2d c:/tools/gcc-arm-none-eabi-10.3-2021.07/bin/../lib/gcc/arm-none-eabi/10.3.1/../../../../arm-none-eabi/lib/thumb/v7-m/nofp\libg.a(lib_a-setvbuf.o)
 .ARM.attributes
                0x000004ea       0x2d c:/tools/gcc-arm-none-eabi-10.3-2021.07/bin/../lib/gcc/arm-none-eabi/10.3.1/../../../../arm-none-eabi/lib/thumb/v7-m/nofp\libg.a(lib_a-vfprintf.o)
 .ARM.attributes
                0x00000517       0x2d c:/tools/gcc-arm-none-eabi-10.3-2021.07/bin/../lib/gcc/arm-none-eabi/10.3.1/../../../../arm-none-eabi/lib/thumb/v7-m/nofp\libg.a(lib_a-wsetup.o)
 .ARM.attributes
                0x00000544       0x2d c:/tools/gcc-arm-none-eabi-10.3-2021.07/bin/../lib/gcc/arm-none-eabi/10.3.1/../../../../arm-none-eabi/lib/thumb/v7-m/nofp\libg.a(lib_a-__call_atexit.o)
 .ARM.attributes
                0x00000571       0x2d c:/tools/gcc-arm-none-eabi-10.3-2021.07/bin/../lib/gcc/arm-none-eabi/10.3.1/../../../../arm-none-eabi/lib/thumb/v7-m/nofp\libg.a(lib_a-atexit.o)
 .ARM.attributes
                0x0000059e       0x2d c:/tools/gcc-arm-none-eabi-10.3-2021.07/bin/../lib/gcc/arm-none-eabi/10.3.1/../../../../arm-none-eabi/lib/thumb/v7-m/nofp\libg.a(lib_a-dtoa.o)
 .ARM.attributes
                0x000005cb       0x2d c:/tools/gcc-arm-none-eabi-10.3-2021.07/bin/../lib/gcc/arm-none-eabi/10.3.1/../../../../arm-none-eabi/lib/thumb/v7-m/nofp\libg.a(lib_a-fflush.o)
 .ARM.attributes
                0x000005f8       0x2d c:/tools/gcc-arm-none-eabi-10.3-2021.07/bin/../lib/gcc/arm-none-eabi/10.3.1/../../../../arm-none-eabi/lib/thumb/v7-m/nofp\libg.a(lib_a-findfp.o)
 .ARM.attributes
                0x00000625       0x2d c:/tools/gcc-arm-none-eabi-10.3-2021.07/bin/../lib/gcc/arm-none-eabi/10.3.1/../../../../arm-none-eabi/lib/thumb/v7-m/nofp\libg.a(lib_a-fini.o)
 .ARM.attributes
                0x00000652       0x2d c:/tools/gcc-arm-none-eabi-10.3-2021.07/bin/../lib/gcc/arm-none-eabi/10.3.1/../../../../arm-none-eabi/lib/thumb/v7-m/nofp\libg.a(lib_a-freer.o)
 .ARM.attributes
                0x0000067f       0x2d c:/tools/gcc-arm-none-eabi-10.3-2021.07/bin/../lib/gcc/arm-none-eabi/10.3.1/../../../../arm-none-eabi/lib/thumb/v7-m/nofp\libg.a(lib_a-fwalk.o)
 .ARM.attributes
                0x000006ac       0x2d c:/tools/gcc-arm-none-eabi-10.3-2021.07/bin/../lib/gcc/arm-none-eabi/10.3.1/../../../../arm-none-eabi/lib/thumb/v7-m/nofp\libg.a(lib_a-localeconv.o)
 .ARM.attributes
                0x000006d9       0x2d c:/tools/gcc-arm-none-eabi-10.3-2021.07/bin/../lib/gcc/arm-none-eabi/10.3.1/../../../../arm-none-eabi/lib/thumb/v7-m/nofp\libg.a(lib_a-lock.o)
 .ARM.attributes
                0x00000706       0x2d c:/tools/gcc-arm-none-eabi-10.3-2021.07/bin/../lib/gcc/arm-none-eabi/10.3.1/../../../../arm-none-eabi/lib/thumb/v7-m/nofp\libg.a(lib_a-makebuf.o)
 .ARM.attributes
                0x00000733       0x2d c:/tools/gcc-arm-none-eabi-10.3-2021.07/bin/../lib/gcc/arm-none-eabi/10.3.1/../../../../arm-none-eabi/lib/thumb/v7-m/nofp\libg.a(lib_a-malloc.o)
 .ARM.attributes
                0x00000760       0x2d c:/tools/gcc-arm-none-eabi-10.3-2021.07/bin/../lib/gcc/arm-none-eabi/10.3.1/../../../../arm-none-eabi/lib/thumb/v7-m/nofp\libg.a(lib_a-mallocr.o)
 .ARM.attributes
                0x0000078d       0x2d c:/tools/gcc-arm-none-eabi-10.3-2021.07/bin/../lib/gcc/arm-none-eabi/10.3.1/../../../../arm-none-eabi/lib/thumb/v7-m/nofp\libg.a(lib_a-memchr-stub.o)
 .ARM.attributes
                0x000007ba       0x1b c:/tools/gcc-arm-none-eabi-10.3-2021.07/bin/../lib/gcc/arm-none-eabi/10.3.1/../../../../arm-none-eabi/lib/thumb/v7-m/nofp\libg.a(lib_a-memcpy.o)
 .ARM.attributes
                0x000007d5       0x2d c:/tools/gcc-arm-none-eabi-10.3-2021.07/bin/../lib/gcc/arm-none-eabi/10.3.1/../../../../arm-none-eabi/lib/thumb/v7-m/nofp\libg.a(lib_a-mlock.o)
 .ARM.attributes
                0x00000802       0x2d c:/tools/gcc-arm-none-eabi-10.3-2021.07/bin/../lib/gcc/arm-none-eabi/10.3.1/../../../../arm-none-eabi/lib/thumb/v7-m/nofp\libg.a(lib_a-mprec.o)
 .ARM.attributes
                0x0000082f       0x2d c:/tools/gcc-arm-none-eabi-10.3-2021.07/bin/../lib/gcc/arm-none-eabi/10.3.1/../../../../arm-none-eabi/lib/thumb/v7-m/nofp\libg.a(lib_a-s_frexp.o)
 .ARM.attributes
                0x0000085c       0x2d c:/tools/gcc-arm-none-eabi-10.3-2021.07/bin/../lib/gcc/arm-none-eabi/10.3.1/../../../../arm-none-eabi/lib/thumb/v7-m/nofp\libg.a(lib_a-sbrkr.o)
 .ARM.attributes
                0x00000889       0x2d c:/tools/gcc-arm-none-eabi-10.3-2021.07/bin/../lib/gcc/arm-none-eabi/10.3.1/../../../../arm-none-eabi/lib/thumb/v7-m/nofp\libg.a(lib_a-stdio.o)
 .ARM.attributes
                0x000008b6       0x2d c:/tools/gcc-arm-none-eabi-10.3-2021.07/bin/../lib/gcc/arm-none-eabi/10.3.1/../../../../arm-none-eabi/lib/thumb/v7-m/nofp\libg.a(lib_a-strlen-stub.o)
 .ARM.attributes
                0x000008e3       0x2d c:/tools/gcc-arm-none-eabi-10.3-2021.07/bin/../lib/gcc/arm-none-eabi/10.3.1/../../../../arm-none-eabi/lib/thumb/v7-m/nofp\libg.a(lib_a-strncpy.o)
 .ARM.attributes
                0x00000910       0x2d c:/tools/gcc-arm-none-eabi-10.3-2021.07/bin/../lib/gcc/arm-none-eabi/10.3.1/../../../../arm-none-eabi/lib/thumb/v7-m/nofp\libg.a(lib_a-vfiprintf.o)
 .ARM.attributes
                0x0000093d       0x2d c:/tools/gcc-arm-none-eabi-10.3-2021.07/bin/../lib/gcc/arm-none-eabi/10.3.1/../../../../arm-none-eabi/lib/thumb/v7-m/nofp\libg.a(lib_a-writer.o)
 .ARM.attributes
                0x0000096a       0x2d c:/tools/gcc-arm-none-eabi-10.3-2021.07/bin/../lib/gcc/arm-none-eabi/10.3.1/../../../../arm-none-eabi/lib/thumb/v7-m/nofp\libg.a(lib_a-__atexit.o)
 .ARM.attributes
                0x00000997       0x2d c:/tools/gcc-arm-none-eabi-10.3-2021.07/bin/../lib/gcc/arm-none-eabi/10.3.1/../../../../arm-none-eabi/lib/thumb/v7-m/nofp\libg.a(lib_a-assert.o)
 .ARM.attributes
                0x000009c4       0x2d c:/tools/gcc-arm-none-eabi-10.3-2021.07/bin/../lib/gcc/arm-none-eabi/10.3.1/../../../../arm-none-eabi/lib/thumb/v7-m/nofp\libg.a(lib_a-callocr.o)
 .ARM.attributes
                0x000009f1       0x2d c:/tools/gcc-arm-none-eabi-10.3-2021.07/bin/../lib/gcc/arm-none-eabi/10.3.1/../../../../arm-none-eabi/lib/thumb/v7-m/nofp\libg.a(lib_a-closer.o)
 .ARM.attributes
                0x00000a1e       0x2d c:/tools/gcc-arm-none-eabi-10.3-2021.07/bin/../lib/gcc/arm-none-eabi/10.3.1/../../../../arm-none-eabi/lib/thumb/v7-m/nofp\libg.a(lib_a-fclose.o)
 .ARM.attributes
                0x00000a4b       0x2d c:/tools/gcc-arm-none-eabi-10.3-2021.07/bin/../lib/gcc/arm-none-eabi/10.3.1/../../../../arm-none-eabi/lib/thumb/v7-m/nofp\libg.a(lib_a-fiprintf.o)
 .ARM.attributes
                0x00000a78       0x2d c:/tools/gcc-arm-none-eabi-10.3-2021.07/bin/../lib/gcc/arm-none-eabi/10.3.1/../../../../arm-none-eabi/lib/thumb/v7-m/nofp\libg.a(lib_a-fputwc.o)
 .ARM.attributes
                0x00000aa5       0x2d c:/tools/gcc-arm-none-eabi-10.3-2021.07/bin/../lib/gcc/arm-none-eabi/10.3.1/../../../../arm-none-eabi/lib/thumb/v7-m/nofp\libg.a(lib_a-fstatr.o)
 .ARM.attributes
                0x00000ad2       0x2d c:/tools/gcc-arm-none-eabi-10.3-2021.07/bin/../lib/gcc/arm-none-eabi/10.3.1/../../../../arm-none-eabi/lib/thumb/v7-m/nofp\libg.a(lib_a-fvwrite.o)
 .ARM.attributes
                0x00000aff       0x2d c:/tools/gcc-arm-none-eabi-10.3-2021.07/bin/../lib/gcc/arm-none-eabi/10.3.1/../../../../arm-none-eabi/lib/thumb/v7-m/nofp\libg.a(lib_a-isattyr.o)
 .ARM.attributes
                0x00000b2c       0x2d c:/tools/gcc-arm-none-eabi-10.3-2021.07/bin/../lib/gcc/arm-none-eabi/10.3.1/../../../../arm-none-eabi/lib/thumb/v7-m/nofp\libg.a(lib_a-locale.o)
 .ARM.attributes
                0x00000b59       0x2d c:/tools/gcc-arm-none-eabi-10.3-2021.07/bin/../lib/gcc/arm-none-eabi/10.3.1/../../../../arm-none-eabi/lib/thumb/v7-m/nofp\libg.a(lib_a-lseekr.o)
 .ARM.attributes
                0x00000b86       0x2d c:/tools/gcc-arm-none-eabi-10.3-2021.07/bin/../lib/gcc/arm-none-eabi/10.3.1/../../../../arm-none-eabi/lib/thumb/v7-m/nofp\libg.a(lib_a-mbtowc_r.o)
 .ARM.attributes
                0x00000bb3       0x2d c:/tools/gcc-arm-none-eabi-10.3-2021.07/bin/../lib/gcc/arm-none-eabi/10.3.1/../../../../arm-none-eabi/lib/thumb/v7-m/nofp\libg.a(lib_a-memmove.o)
 .ARM.attributes
                0x00000be0       0x2d c:/tools/gcc-arm-none-eabi-10.3-2021.07/bin/../lib/gcc/arm-none-eabi/10.3.1/../../../../arm-none-eabi/lib/thumb/v7-m/nofp\libg.a(lib_a-readr.o)
 .ARM.attributes
                0x00000c0d       0x2d c:/tools/gcc-arm-none-eabi-10.3-2021.07/bin/../lib/gcc/arm-none-eabi/10.3.1/../../../../arm-none-eabi/lib/thumb/v7-m/nofp\libg.a(lib_a-reallocr.o)
 .ARM.attributes
                0x00000c3a       0x2d c:/tools/gcc-arm-none-eabi-10.3-2021.07/bin/../lib/gcc/arm-none-eabi/10.3.1/../../../../arm-none-eabi/lib/thumb/v7-m/nofp\libg.a(lib_a-reent.o)
 .ARM.attributes
                0x00000c67       0x2d c:/tools/gcc-arm-none-eabi-10.3-2021.07/bin/../lib/gcc/arm-none-eabi/10.3.1/../../../../arm-none-eabi/lib/thumb/v7-m/nofp\libg.a(lib_a-wbuf.o)
 .ARM.attributes
                0x00000c94       0x2d c:/tools/gcc-arm-none-eabi-10.3-2021.07/bin/../lib/gcc/arm-none-eabi/10.3.1/../../../../arm-none-eabi/lib/thumb/v7-m/nofp\libg.a(lib_a-wcrtomb.o)
 .ARM.attributes
                0x00000cc1       0x2d c:/tools/gcc-arm-none-eabi-10.3-2021.07/bin/../lib/gcc/arm-none-eabi/10.3.1/../../../../arm-none-eabi/lib/thumb/v7-m/nofp\libg.a(lib_a-wctomb_r.o)
 .ARM.attributes
                0x00000cee       0x2d c:/tools/gcc-arm-none-eabi-10.3-2021.07/bin/../lib/gcc/arm-none-eabi/10.3.1/../../../../arm-none-eabi/lib/thumb/v7-m/nofp\libg.a(lib_a-abort.o)
 .ARM.attributes
                0x00000d1b       0x2d c:/tools/gcc-arm-none-eabi-10.3-2021.07/bin/../lib/gcc/arm-none-eabi/10.3.1/../../../../arm-none-eabi/lib/thumb/v7-m/nofp\libg.a(lib_a-ctype_.o)
 .ARM.attributes
                0x00000d48       0x2d c:/tools/gcc-arm-none-eabi-10.3-2021.07/bin/../lib/gcc/arm-none-eabi/10.3.1/../../../../arm-none-eabi/lib/thumb/v7-m/nofp\libg.a(lib_a-signal.o)
 .ARM.attributes
                0x00000d75       0x2d c:/tools/gcc-arm-none-eabi-10.3-2021.07/bin/../lib/gcc/arm-none-eabi/10.3.1/../../../../arm-none-eabi/lib/thumb/v7-m/nofp\libg.a(lib_a-signalr.o)
 .ARM.attributes
                0x00000da2       0x1d c:/tools/gcc-arm-none-eabi-10.3-2021.07/bin/../lib/gcc/arm-none-eabi/10.3.1/thumb/v7-m/nofp\libgcc.a(_arm_unorddf2.o)
 .ARM.attributes
                0x00000dbf       0x1d c:/tools/gcc-arm-none-eabi-10.3-2021.07/bin/../lib/gcc/arm-none-eabi/10.3.1/thumb/v7-m/nofp\libgcc.a(_aeabi_uldivmod.o)
 .ARM.attributes
                0x00000ddc       0x2d c:/tools/gcc-arm-none-eabi-10.3-2021.07/bin/../lib/gcc/arm-none-eabi/10.3.1/thumb/v7-m/nofp\libgcc.a(_udivmoddi4.o)
 .ARM.attributes
                0x00000e09       0x1d c:/tools/gcc-arm-none-eabi-10.3-2021.07/bin/../lib/gcc/arm-none-eabi/10.3.1/thumb/v7-m/nofp\libgcc.a(_dvmd_tls.o)
 .ARM.attributes
                0x00000e26       0x1d c:/tools/gcc-arm-none-eabi-10.3-2021.07/bin/../lib/gcc/arm-none-eabi/10.3.1/thumb/v7-m/nofp/crtn.o
OUTPUT(ultrasonic.elf elf32-littlearm)
LOAD linker stubs
LOAD c:/tools/gcc-arm-none-eabi-10.3-2021.07/bin/../lib/gcc/arm-none-eabi/10.3.1/../../../../arm-none-eabi/lib/thumb/v7-m/nofp\libc.a
LOAD c:/tools/gcc-arm-none-eabi-10.3-2021.07/bin/../lib/gcc/arm-none-eabi/10.3.1/../../../../arm-none-eabi/lib/thumb/v7-m/nofp\libm.a
LOAD c:/tools/gcc-arm-none-eabi-10.3-2021.07/bin/../lib/gcc/arm-none-eabi/10.3.1/thumb/v7-m/nofp\libgcc.a

.debug_info     0x00000000     0xe6a1
 .debug_info    0x00000000      0x34d CMakeFiles/ultrasonic.elf.dir/Core/Src/gpio.c.obj
 .debug_info    0x0000034d      0x89d CMakeFiles/ultrasonic.elf.dir/Core/Src/main.c.obj
 .debug_info    0x00000bea     0x12a7 CMakeFiles/ultrasonic.elf.dir/Core/Src/retarget.c.obj
 .debug_info    0x00001e91      0x211 CMakeFiles/ultrasonic.elf.dir/Core/Src/stm32f1xx_hal_msp.c.obj
 .debug_info    0x000020a2      0x6fa CMakeFiles/ultrasonic.elf.dir/Core/Src/stm32f1xx_it.c.obj
 .debug_info    0x0000279c      0x750 CMakeFiles/ultrasonic.elf.dir/Core/Src/syscalls.c.obj
 .debug_info    0x00002eec      0x248 CMakeFiles/ultrasonic.elf.dir/Core/Src/system_stm32f1xx.c.obj
 .debug_info    0x00003134      0xbb6 CMakeFiles/ultrasonic.elf.dir/Core/Src/tim.c.obj
 .debug_info    0x00003cea      0x827 CMakeFiles/ultrasonic.elf.dir/Core/Src/usart.c.obj
 .debug_info    0x00004511      0x7a8 CMakeFiles/ultrasonic.elf.dir/Drivers/STM32F1xx_HAL_Driver/Src/stm32f1xx_hal.c.obj
 .debug_info    0x00004cb9      0xd8a CMakeFiles/ultrasonic.elf.dir/Drivers/STM32F1xx_HAL_Driver/Src/stm32f1xx_hal_cortex.c.obj
 .debug_info    0x00005a43      0x66f CMakeFiles/ultrasonic.elf.dir/Drivers/STM32F1xx_HAL_Driver/Src/stm32f1xx_hal_gpio.c.obj
 .debug_info    0x000060b2      0xa36 CMakeFiles/ultrasonic.elf.dir/Drivers/STM32F1xx_HAL_Driver/Src/stm32f1xx_hal_rcc.c.obj
 .debug_info    0x00006ae8     0x3b00 CMakeFiles/ultrasonic.elf.dir/Drivers/STM32F1xx_HAL_Driver/Src/stm32f1xx_hal_tim.c.obj
 .debug_info    0x0000a5e8     0x19e9 CMakeFiles/ultrasonic.elf.dir/Drivers/STM32F1xx_HAL_Driver/Src/stm32f1xx_hal_tim_ex.c.obj
 .debug_info    0x0000bfd1     0x1c8b CMakeFiles/ultrasonic.elf.dir/Drivers/STM32F1xx_HAL_Driver/Src/stm32f1xx_hal_uart.c.obj
 .debug_info    0x0000dc5c       0x22 CMakeFiles/ultrasonic.elf.dir/startup/startup_stm32f103xb.s.obj
 .debug_info    0x0000dc7e      0xa23 CMakeFiles/ultrasonic.elf.dir/ultrasonic/ultrasonic.c.obj

.debug_abbrev   0x00000000     0x21b5
 .debug_abbrev  0x00000000      0x13c CMakeFiles/ultrasonic.elf.dir/Core/Src/gpio.c.obj
 .debug_abbrev  0x0000013c      0x1e5 CMakeFiles/ultrasonic.elf.dir/Core/Src/main.c.obj
 .debug_abbrev  0x00000321      0x2b4 CMakeFiles/ultrasonic.elf.dir/Core/Src/retarget.c.obj
 .debug_abbrev  0x000005d5       0xe5 CMakeFiles/ultrasonic.elf.dir/Core/Src/stm32f1xx_hal_msp.c.obj
 .debug_abbrev  0x000006ba      0x179 CMakeFiles/ultrasonic.elf.dir/Core/Src/stm32f1xx_it.c.obj
 .debug_abbrev  0x00000833      0x1da CMakeFiles/ultrasonic.elf.dir/Core/Src/syscalls.c.obj
 .debug_abbrev  0x00000a0d      0x13e CMakeFiles/ultrasonic.elf.dir/Core/Src/system_stm32f1xx.c.obj
 .debug_abbrev  0x00000b4b      0x1ef CMakeFiles/ultrasonic.elf.dir/Core/Src/tim.c.obj
 .debug_abbrev  0x00000d3a      0x1c1 CMakeFiles/ultrasonic.elf.dir/Core/Src/usart.c.obj
 .debug_abbrev  0x00000efb      0x1f4 CMakeFiles/ultrasonic.elf.dir/Drivers/STM32F1xx_HAL_Driver/Src/stm32f1xx_hal.c.obj
 .debug_abbrev  0x000010ef      0x341 CMakeFiles/ultrasonic.elf.dir/Drivers/STM32F1xx_HAL_Driver/Src/stm32f1xx_hal_cortex.c.obj
 .debug_abbrev  0x00001430      0x1e6 CMakeFiles/ultrasonic.elf.dir/Drivers/STM32F1xx_HAL_Driver/Src/stm32f1xx_hal_gpio.c.obj
 .debug_abbrev  0x00001616      0x27a CMakeFiles/ultrasonic.elf.dir/Drivers/STM32F1xx_HAL_Driver/Src/stm32f1xx_hal_rcc.c.obj
 .debug_abbrev  0x00001890      0x23e CMakeFiles/ultrasonic.elf.dir/Drivers/STM32F1xx_HAL_Driver/Src/stm32f1xx_hal_tim.c.obj
 .debug_abbrev  0x00001ace      0x241 CMakeFiles/ultrasonic.elf.dir/Drivers/STM32F1xx_HAL_Driver/Src/stm32f1xx_hal_tim_ex.c.obj
 .debug_abbrev  0x00001d0f      0x254 CMakeFiles/ultrasonic.elf.dir/Drivers/STM32F1xx_HAL_Driver/Src/stm32f1xx_hal_uart.c.obj
 .debug_abbrev  0x00001f63       0x12 CMakeFiles/ultrasonic.elf.dir/startup/startup_stm32f103xb.s.obj
 .debug_abbrev  0x00001f75      0x240 CMakeFiles/ultrasonic.elf.dir/ultrasonic/ultrasonic.c.obj

.debug_aranges  0x00000000      0xc40
 .debug_aranges
                0x00000000       0x20 CMakeFiles/ultrasonic.elf.dir/Core/Src/gpio.c.obj
 .debug_aranges
                0x00000020       0x30 CMakeFiles/ultrasonic.elf.dir/Core/Src/main.c.obj
 .debug_aranges
                0x00000050       0x50 CMakeFiles/ultrasonic.elf.dir/Core/Src/retarget.c.obj
 .debug_aranges
                0x000000a0       0x20 CMakeFiles/ultrasonic.elf.dir/Core/Src/stm32f1xx_hal_msp.c.obj
 .debug_aranges
                0x000000c0       0x68 CMakeFiles/ultrasonic.elf.dir/Core/Src/stm32f1xx_it.c.obj
 .debug_aranges
                0x00000128       0x90 CMakeFiles/ultrasonic.elf.dir/Core/Src/syscalls.c.obj
 .debug_aranges
                0x000001b8       0x28 CMakeFiles/ultrasonic.elf.dir/Core/Src/system_stm32f1xx.c.obj
 .debug_aranges
                0x000001e0       0x30 CMakeFiles/ultrasonic.elf.dir/Core/Src/tim.c.obj
 .debug_aranges
                0x00000210       0x30 CMakeFiles/ultrasonic.elf.dir/Core/Src/usart.c.obj
 .debug_aranges
                0x00000240       0xe0 CMakeFiles/ultrasonic.elf.dir/Drivers/STM32F1xx_HAL_Driver/Src/stm32f1xx_hal.c.obj
 .debug_aranges
                0x00000320       0x90 CMakeFiles/ultrasonic.elf.dir/Drivers/STM32F1xx_HAL_Driver/Src/stm32f1xx_hal_cortex.c.obj
 .debug_aranges
                0x000003b0       0x58 CMakeFiles/ultrasonic.elf.dir/Drivers/STM32F1xx_HAL_Driver/Src/stm32f1xx_hal_gpio.c.obj
 .debug_aranges
                0x00000408       0x90 CMakeFiles/ultrasonic.elf.dir/Drivers/STM32F1xx_HAL_Driver/Src/stm32f1xx_hal_rcc.c.obj
 .debug_aranges
                0x00000498      0x3d0 CMakeFiles/ultrasonic.elf.dir/Drivers/STM32F1xx_HAL_Driver/Src/stm32f1xx_hal_tim.c.obj
 .debug_aranges
                0x00000868      0x168 CMakeFiles/ultrasonic.elf.dir/Drivers/STM32F1xx_HAL_Driver/Src/stm32f1xx_hal_tim_ex.c.obj
 .debug_aranges
                0x000009d0      0x200 CMakeFiles/ultrasonic.elf.dir/Drivers/STM32F1xx_HAL_Driver/Src/stm32f1xx_hal_uart.c.obj
 .debug_aranges
                0x00000bd0       0x28 CMakeFiles/ultrasonic.elf.dir/startup/startup_stm32f103xb.s.obj
 .debug_aranges
                0x00000bf8       0x48 CMakeFiles/ultrasonic.elf.dir/ultrasonic/ultrasonic.c.obj

.debug_ranges   0x00000000      0xba8
 .debug_ranges  0x00000000       0x10 CMakeFiles/ultrasonic.elf.dir/Core/Src/gpio.c.obj
 .debug_ranges  0x00000010       0x20 CMakeFiles/ultrasonic.elf.dir/Core/Src/main.c.obj
 .debug_ranges  0x00000030       0x40 CMakeFiles/ultrasonic.elf.dir/Core/Src/retarget.c.obj
 .debug_ranges  0x00000070       0x10 CMakeFiles/ultrasonic.elf.dir/Core/Src/stm32f1xx_hal_msp.c.obj
 .debug_ranges  0x00000080       0x58 CMakeFiles/ultrasonic.elf.dir/Core/Src/stm32f1xx_it.c.obj
 .debug_ranges  0x000000d8       0x80 CMakeFiles/ultrasonic.elf.dir/Core/Src/syscalls.c.obj
 .debug_ranges  0x00000158       0x18 CMakeFiles/ultrasonic.elf.dir/Core/Src/system_stm32f1xx.c.obj
 .debug_ranges  0x00000170       0x20 CMakeFiles/ultrasonic.elf.dir/Core/Src/tim.c.obj
 .debug_ranges  0x00000190       0x20 CMakeFiles/ultrasonic.elf.dir/Core/Src/usart.c.obj
 .debug_ranges  0x000001b0       0xd0 CMakeFiles/ultrasonic.elf.dir/Drivers/STM32F1xx_HAL_Driver/Src/stm32f1xx_hal.c.obj
 .debug_ranges  0x00000280       0xe0 CMakeFiles/ultrasonic.elf.dir/Drivers/STM32F1xx_HAL_Driver/Src/stm32f1xx_hal_cortex.c.obj
 .debug_ranges  0x00000360       0x48 CMakeFiles/ultrasonic.elf.dir/Drivers/STM32F1xx_HAL_Driver/Src/stm32f1xx_hal_gpio.c.obj
 .debug_ranges  0x000003a8       0xa0 CMakeFiles/ultrasonic.elf.dir/Drivers/STM32F1xx_HAL_Driver/Src/stm32f1xx_hal_rcc.c.obj
 .debug_ranges  0x00000448      0x3c0 CMakeFiles/ultrasonic.elf.dir/Drivers/STM32F1xx_HAL_Driver/Src/stm32f1xx_hal_tim.c.obj
 .debug_ranges  0x00000808      0x158 CMakeFiles/ultrasonic.elf.dir/Drivers/STM32F1xx_HAL_Driver/Src/stm32f1xx_hal_tim_ex.c.obj
 .debug_ranges  0x00000960      0x1f0 CMakeFiles/ultrasonic.elf.dir/Drivers/STM32F1xx_HAL_Driver/Src/stm32f1xx_hal_uart.c.obj
 .debug_ranges  0x00000b50       0x20 CMakeFiles/ultrasonic.elf.dir/startup/startup_stm32f103xb.s.obj
 .debug_ranges  0x00000b70       0x38 CMakeFiles/ultrasonic.elf.dir/ultrasonic/ultrasonic.c.obj

.debug_line     0x00000000     0xc1f0
 .debug_line    0x00000000      0x216 CMakeFiles/ultrasonic.elf.dir/Core/Src/gpio.c.obj
 .debug_line    0x00000216      0x44d CMakeFiles/ultrasonic.elf.dir/Core/Src/main.c.obj
 .debug_line    0x00000663      0x458 CMakeFiles/ultrasonic.elf.dir/Core/Src/retarget.c.obj
 .debug_line    0x00000abb      0x17f CMakeFiles/ultrasonic.elf.dir/Core/Src/stm32f1xx_hal_msp.c.obj
 .debug_line    0x00000c3a      0x307 CMakeFiles/ultrasonic.elf.dir/Core/Src/stm32f1xx_it.c.obj
 .debug_line    0x00000f41      0x3e4 CMakeFiles/ultrasonic.elf.dir/Core/Src/syscalls.c.obj
 .debug_line    0x00001325      0x248 CMakeFiles/ultrasonic.elf.dir/Core/Src/system_stm32f1xx.c.obj
 .debug_line    0x0000156d      0x384 CMakeFiles/ultrasonic.elf.dir/Core/Src/tim.c.obj
 .debug_line    0x000018f1      0x329 CMakeFiles/ultrasonic.elf.dir/Core/Src/usart.c.obj
 .debug_line    0x00001c1a      0x564 CMakeFiles/ultrasonic.elf.dir/Drivers/STM32F1xx_HAL_Driver/Src/stm32f1xx_hal.c.obj
 .debug_line    0x0000217e      0x655 CMakeFiles/ultrasonic.elf.dir/Drivers/STM32F1xx_HAL_Driver/Src/stm32f1xx_hal_cortex.c.obj
 .debug_line    0x000027d3      0x5ff CMakeFiles/ultrasonic.elf.dir/Drivers/STM32F1xx_HAL_Driver/Src/stm32f1xx_hal_gpio.c.obj
 .debug_line    0x00002dd2      0xc48 CMakeFiles/ultrasonic.elf.dir/Drivers/STM32F1xx_HAL_Driver/Src/stm32f1xx_hal_rcc.c.obj
 .debug_line    0x00003a1a     0x467a CMakeFiles/ultrasonic.elf.dir/Drivers/STM32F1xx_HAL_Driver/Src/stm32f1xx_hal_tim.c.obj
 .debug_line    0x00008094     0x1b7a CMakeFiles/ultrasonic.elf.dir/Drivers/STM32F1xx_HAL_Driver/Src/stm32f1xx_hal_tim_ex.c.obj
 .debug_line    0x00009c0e     0x20d7 CMakeFiles/ultrasonic.elf.dir/Drivers/STM32F1xx_HAL_Driver/Src/stm32f1xx_hal_uart.c.obj
 .debug_line    0x0000bce5       0x97 CMakeFiles/ultrasonic.elf.dir/startup/startup_stm32f103xb.s.obj
 .debug_line    0x0000bd7c      0x474 CMakeFiles/ultrasonic.elf.dir/ultrasonic/ultrasonic.c.obj

.debug_str      0x00000000     0x3ceb
 .debug_str     0x00000000      0x25e CMakeFiles/ultrasonic.elf.dir/Core/Src/gpio.c.obj
                                0x2a9 (size before relaxing)
 .debug_str     0x0000025e      0x5d9 CMakeFiles/ultrasonic.elf.dir/Core/Src/main.c.obj
                                0x7e7 (size before relaxing)
 .debug_str     0x00000837      0x527 CMakeFiles/ultrasonic.elf.dir/Core/Src/retarget.c.obj
                                0xb3f (size before relaxing)
 .debug_str     0x00000d5e       0x71 CMakeFiles/ultrasonic.elf.dir/Core/Src/stm32f1xx_hal_msp.c.obj
                                0x24b (size before relaxing)
 .debug_str     0x00000dcf      0x399 CMakeFiles/ultrasonic.elf.dir/Core/Src/stm32f1xx_it.c.obj
                                0x73f (size before relaxing)
 .debug_str     0x00001168      0x12e CMakeFiles/ultrasonic.elf.dir/Core/Src/syscalls.c.obj
                                0x42f (size before relaxing)
 .debug_str     0x00001296       0x95 CMakeFiles/ultrasonic.elf.dir/Core/Src/system_stm32f1xx.c.obj
                                0x280 (size before relaxing)
 .debug_str     0x0000132b      0x441 CMakeFiles/ultrasonic.elf.dir/Core/Src/tim.c.obj
                                0xb9b (size before relaxing)
 .debug_str     0x0000176c       0x68 CMakeFiles/ultrasonic.elf.dir/Core/Src/usart.c.obj
                                0x6c4 (size before relaxing)
 .debug_str     0x000017d4      0x304 CMakeFiles/ultrasonic.elf.dir/Drivers/STM32F1xx_HAL_Driver/Src/stm32f1xx_hal.c.obj
                                0x850 (size before relaxing)
 .debug_str     0x00001ad8      0x3b5 CMakeFiles/ultrasonic.elf.dir/Drivers/STM32F1xx_HAL_Driver/Src/stm32f1xx_hal_cortex.c.obj
                                0x8ff (size before relaxing)
 .debug_str     0x00001e8d      0x131 CMakeFiles/ultrasonic.elf.dir/Drivers/STM32F1xx_HAL_Driver/Src/stm32f1xx_hal_gpio.c.obj
                                0x42c (size before relaxing)
 .debug_str     0x00001fbe      0x20b CMakeFiles/ultrasonic.elf.dir/Drivers/STM32F1xx_HAL_Driver/Src/stm32f1xx_hal_rcc.c.obj
                                0x657 (size before relaxing)
 .debug_str     0x000021c9      0xec6 CMakeFiles/ultrasonic.elf.dir/Drivers/STM32F1xx_HAL_Driver/Src/stm32f1xx_hal_tim.c.obj
                               0x1664 (size before relaxing)
 .debug_str     0x0000308f      0x53b CMakeFiles/ultrasonic.elf.dir/Drivers/STM32F1xx_HAL_Driver/Src/stm32f1xx_hal_tim_ex.c.obj
                                0xe65 (size before relaxing)
 .debug_str     0x000035ca      0x5f2 CMakeFiles/ultrasonic.elf.dir/Drivers/STM32F1xx_HAL_Driver/Src/stm32f1xx_hal_uart.c.obj
                                0xcba (size before relaxing)
 .debug_str     0x00003bbc       0x46 CMakeFiles/ultrasonic.elf.dir/startup/startup_stm32f103xb.s.obj
                                 0x72 (size before relaxing)
 .debug_str     0x00003c02       0xe9 CMakeFiles/ultrasonic.elf.dir/ultrasonic/ultrasonic.c.obj
                                0x897 (size before relaxing)

.comment        0x00000000       0x49
 .comment       0x00000000       0x49 CMakeFiles/ultrasonic.elf.dir/Core/Src/gpio.c.obj
                                 0x4a (size before relaxing)
 .comment       0x00000049       0x4a CMakeFiles/ultrasonic.elf.dir/Core/Src/main.c.obj
 .comment       0x00000049       0x4a CMakeFiles/ultrasonic.elf.dir/Core/Src/retarget.c.obj
 .comment       0x00000049       0x4a CMakeFiles/ultrasonic.elf.dir/Core/Src/stm32f1xx_hal_msp.c.obj
 .comment       0x00000049       0x4a CMakeFiles/ultrasonic.elf.dir/Core/Src/stm32f1xx_it.c.obj
 .comment       0x00000049       0x4a CMakeFiles/ultrasonic.elf.dir/Core/Src/syscalls.c.obj
 .comment       0x00000049       0x4a CMakeFiles/ultrasonic.elf.dir/Core/Src/system_stm32f1xx.c.obj
 .comment       0x00000049       0x4a CMakeFiles/ultrasonic.elf.dir/Core/Src/tim.c.obj
 .comment       0x00000049       0x4a CMakeFiles/ultrasonic.elf.dir/Core/Src/usart.c.obj
 .comment       0x00000049       0x4a CMakeFiles/ultrasonic.elf.dir/Drivers/STM32F1xx_HAL_Driver/Src/stm32f1xx_hal.c.obj
 .comment       0x00000049       0x4a CMakeFiles/ultrasonic.elf.dir/Drivers/STM32F1xx_HAL_Driver/Src/stm32f1xx_hal_cortex.c.obj
 .comment       0x00000049       0x4a CMakeFiles/ultrasonic.elf.dir/Drivers/STM32F1xx_HAL_Driver/Src/stm32f1xx_hal_gpio.c.obj
 .comment       0x00000049       0x4a CMakeFiles/ultrasonic.elf.dir/Drivers/STM32F1xx_HAL_Driver/Src/stm32f1xx_hal_rcc.c.obj
 .comment       0x00000049       0x4a CMakeFiles/ultrasonic.elf.dir/Drivers/STM32F1xx_HAL_Driver/Src/stm32f1xx_hal_tim.c.obj
 .comment       0x00000049       0x4a CMakeFiles/ultrasonic.elf.dir/Drivers/STM32F1xx_HAL_Driver/Src/stm32f1xx_hal_tim_ex.c.obj
 .comment       0x00000049       0x4a CMakeFiles/ultrasonic.elf.dir/Drivers/STM32F1xx_HAL_Driver/Src/stm32f1xx_hal_uart.c.obj
 .comment       0x00000049       0x4a CMakeFiles/ultrasonic.elf.dir/ultrasonic/ultrasonic.c.obj

.debug_frame    0x00000000     0x3578
 .debug_frame   0x00000000       0x38 CMakeFiles/ultrasonic.elf.dir/Core/Src/gpio.c.obj
 .debug_frame   0x00000038       0x58 CMakeFiles/ultrasonic.elf.dir/Core/Src/main.c.obj
 .debug_frame   0x00000090       0xb8 CMakeFiles/ultrasonic.elf.dir/Core/Src/retarget.c.obj
 .debug_frame   0x00000148       0x28 CMakeFiles/ultrasonic.elf.dir/Core/Src/stm32f1xx_hal_msp.c.obj
 .debug_frame   0x00000170       0xc0 CMakeFiles/ultrasonic.elf.dir/Core/Src/stm32f1xx_it.c.obj
 .debug_frame   0x00000230      0x168 CMakeFiles/ultrasonic.elf.dir/Core/Src/syscalls.c.obj
 .debug_frame   0x00000398       0x30 CMakeFiles/ultrasonic.elf.dir/Core/Src/system_stm32f1xx.c.obj
 .debug_frame   0x000003c8       0x68 CMakeFiles/ultrasonic.elf.dir/Core/Src/tim.c.obj
 .debug_frame   0x00000430       0x60 CMakeFiles/ultrasonic.elf.dir/Core/Src/usart.c.obj
 .debug_frame   0x00000490      0x1cc CMakeFiles/ultrasonic.elf.dir/Drivers/STM32F1xx_HAL_Driver/Src/stm32f1xx_hal.c.obj